Archive member included to satisfy reference by file (symbol)

c:/st/stm32cubeide_1.1.0/stm32cubeide/plugins/com.st.stm32cube.ide.mcu.externaltools.gnu-tools-for-stm32.7-2018-q2-update.win32_1.0.0.201904181610/tools/bin/../lib/gcc/arm-none-eabi/7.3.1/../../../../arm-none-eabi/lib/thumb/v7-m\libc_nano.a(lib_a-errno.o)
                              Core/Src/syscalls.o (__errno)
c:/st/stm32cubeide_1.1.0/stm32cubeide/plugins/com.st.stm32cube.ide.mcu.externaltools.gnu-tools-for-stm32.7-2018-q2-update.win32_1.0.0.201904181610/tools/bin/../lib/gcc/arm-none-eabi/7.3.1/../../../../arm-none-eabi/lib/thumb/v7-m\libc_nano.a(lib_a-exit.o)
                              c:/st/stm32cubeide_1.1.0/stm32cubeide/plugins/com.st.stm32cube.ide.mcu.externaltools.gnu-tools-for-stm32.7-2018-q2-update.win32_1.0.0.201904181610/tools/bin/../lib/gcc/arm-none-eabi/7.3.1/../../../../arm-none-eabi/lib/thumb/v7-m/crt0.o (exit)
c:/st/stm32cubeide_1.1.0/stm32cubeide/plugins/com.st.stm32cube.ide.mcu.externaltools.gnu-tools-for-stm32.7-2018-q2-update.win32_1.0.0.201904181610/tools/bin/../lib/gcc/arm-none-eabi/7.3.1/../../../../arm-none-eabi/lib/thumb/v7-m\libc_nano.a(lib_a-impure.o)
                              c:/st/stm32cubeide_1.1.0/stm32cubeide/plugins/com.st.stm32cube.ide.mcu.externaltools.gnu-tools-for-stm32.7-2018-q2-update.win32_1.0.0.201904181610/tools/bin/../lib/gcc/arm-none-eabi/7.3.1/../../../../arm-none-eabi/lib/thumb/v7-m\libc_nano.a(lib_a-exit.o) (_global_impure_ptr)
c:/st/stm32cubeide_1.1.0/stm32cubeide/plugins/com.st.stm32cube.ide.mcu.externaltools.gnu-tools-for-stm32.7-2018-q2-update.win32_1.0.0.201904181610/tools/bin/../lib/gcc/arm-none-eabi/7.3.1/../../../../arm-none-eabi/lib/thumb/v7-m\libc_nano.a(lib_a-init.o)
                              c:/st/stm32cubeide_1.1.0/stm32cubeide/plugins/com.st.stm32cube.ide.mcu.externaltools.gnu-tools-for-stm32.7-2018-q2-update.win32_1.0.0.201904181610/tools/bin/../lib/gcc/arm-none-eabi/7.3.1/../../../../arm-none-eabi/lib/thumb/v7-m/crt0.o (__libc_init_array)
c:/st/stm32cubeide_1.1.0/stm32cubeide/plugins/com.st.stm32cube.ide.mcu.externaltools.gnu-tools-for-stm32.7-2018-q2-update.win32_1.0.0.201904181610/tools/bin/../lib/gcc/arm-none-eabi/7.3.1/../../../../arm-none-eabi/lib/thumb/v7-m\libc_nano.a(lib_a-memset.o)
                              c:/st/stm32cubeide_1.1.0/stm32cubeide/plugins/com.st.stm32cube.ide.mcu.externaltools.gnu-tools-for-stm32.7-2018-q2-update.win32_1.0.0.201904181610/tools/bin/../lib/gcc/arm-none-eabi/7.3.1/../../../../arm-none-eabi/lib/thumb/v7-m/crt0.o (memset)

Allocating common symbols
Common symbol       size              file

hspi2               0x58              Core/Src/main.o
uwTick              0x4               Drivers/STM32F1xx_HAL_Driver/Src/stm32f1xx_hal.o
pFlash              0x20              Drivers/STM32F1xx_HAL_Driver/Src/stm32f1xx_hal_flash.o

Discarded input sections

 .text          0x0000000000000000        0x0 c:/st/stm32cubeide_1.1.0/stm32cubeide/plugins/com.st.stm32cube.ide.mcu.externaltools.gnu-tools-for-stm32.7-2018-q2-update.win32_1.0.0.201904181610/tools/bin/../lib/gcc/arm-none-eabi/7.3.1/thumb/v7-m/crti.o
 .data          0x0000000000000000        0x0 c:/st/stm32cubeide_1.1.0/stm32cubeide/plugins/com.st.stm32cube.ide.mcu.externaltools.gnu-tools-for-stm32.7-2018-q2-update.win32_1.0.0.201904181610/tools/bin/../lib/gcc/arm-none-eabi/7.3.1/thumb/v7-m/crti.o
 .bss           0x0000000000000000        0x0 c:/st/stm32cubeide_1.1.0/stm32cubeide/plugins/com.st.stm32cube.ide.mcu.externaltools.gnu-tools-for-stm32.7-2018-q2-update.win32_1.0.0.201904181610/tools/bin/../lib/gcc/arm-none-eabi/7.3.1/thumb/v7-m/crti.o
 .data          0x0000000000000000        0x4 c:/st/stm32cubeide_1.1.0/stm32cubeide/plugins/com.st.stm32cube.ide.mcu.externaltools.gnu-tools-for-stm32.7-2018-q2-update.win32_1.0.0.201904181610/tools/bin/../lib/gcc/arm-none-eabi/7.3.1/thumb/v7-m/crtbegin.o
 .text          0x0000000000000000       0x74 c:/st/stm32cubeide_1.1.0/stm32cubeide/plugins/com.st.stm32cube.ide.mcu.externaltools.gnu-tools-for-stm32.7-2018-q2-update.win32_1.0.0.201904181610/tools/bin/../lib/gcc/arm-none-eabi/7.3.1/../../../../arm-none-eabi/lib/thumb/v7-m/crt0.o
 .data          0x0000000000000000        0x0 c:/st/stm32cubeide_1.1.0/stm32cubeide/plugins/com.st.stm32cube.ide.mcu.externaltools.gnu-tools-for-stm32.7-2018-q2-update.win32_1.0.0.201904181610/tools/bin/../lib/gcc/arm-none-eabi/7.3.1/../../../../arm-none-eabi/lib/thumb/v7-m/crt0.o
 .bss           0x0000000000000000        0x0 c:/st/stm32cubeide_1.1.0/stm32cubeide/plugins/com.st.stm32cube.ide.mcu.externaltools.gnu-tools-for-stm32.7-2018-q2-update.win32_1.0.0.201904181610/tools/bin/../lib/gcc/arm-none-eabi/7.3.1/../../../../arm-none-eabi/lib/thumb/v7-m/crt0.o
[...]
Memory Configuration

Name             Origin             Length             Attributes
RAM              0x0000000020000000 0x0000000000005000 xrw
FLASH            0x0000000008000000 0x0000000000010000 xr
*default*        0x0000000000000000 0xffffffffffffffff

Linker script and memory map

LOAD c:/st/stm32cubeide_1.1.0/stm32cubeide/plugins/com.st.stm32cube.ide.mcu.externaltools.gnu-tools-for-stm32.7-2018-q2-update.win32_1.0.0.201904181610/tools/bin/../lib/gcc/arm-none-eabi/7.3.1/thumb/v7-m/crti.o
LOAD c:/st/stm32cubeide_1.1.0/stm32cubeide/plugins/com.st.stm32cube.ide.mcu.externaltools.gnu-tools-for-stm32.7-2018-q2-update.win32_1.0.0.201904181610/tools/bin/../lib/gcc/arm-none-eabi/7.3.1/thumb/v7-m/crtbegin.o
LOAD c:/st/stm32cubeide_1.1.0/stm32cubeide/plugins/com.st.stm32cube.ide.mcu.externaltools.gnu-tools-for-stm32.7-2018-q2-update.win32_1.0.0.201904181610/tools/bin/../lib/gcc/arm-none-eabi/7.3.1/../../../../arm-none-eabi/lib/thumb/v7-m/crt0.o
LOAD Core/Src/eeprom.o
LOAD Core/Src/main.o
LOAD Core/Src/stm32f1xx_hal_msp.o
LOAD Core/Src/stm32f1xx_it.o
LOAD Core/Src/syscalls.o
LOAD Core/Src/sysmem.o
LOAD Core/Src/system_stm32f1xx.o
LOAD Core/Startup/startup_stm32f103c8tx.o
LOAD Drivers/STM32F1xx_HAL_Driver/Src/stm32f1xx_hal.o
LOAD Drivers/STM32F1xx_HAL_Driver/Src/stm32f1xx_hal_cortex.o
LOAD Drivers/STM32F1xx_HAL_Driver/Src/stm32f1xx_hal_dma.o
LOAD Drivers/STM32F1xx_HAL_Driver/Src/stm32f1xx_hal_exti.o
LOAD Drivers/STM32F1xx_HAL_Driver/Src/stm32f1xx_hal_flash.o
LOAD Drivers/STM32F1xx_HAL_Driver/Src/stm32f1xx_hal_flash_ex.o
LOAD Drivers/STM32F1xx_HAL_Driver/Src/stm32f1xx_hal_gpio.o
LOAD Drivers/STM32F1xx_HAL_Driver/Src/stm32f1xx_hal_gpio_ex.o
LOAD Drivers/STM32F1xx_HAL_Driver/Src/stm32f1xx_hal_pwr.o
LOAD Drivers/STM32F1xx_HAL_Driver/Src/stm32f1xx_hal_rcc.o
LOAD Drivers/STM32F1xx_HAL_Driver/Src/stm32f1xx_hal_rcc_ex.o
LOAD Drivers/STM32F1xx_HAL_Driver/Src/stm32f1xx_hal_spi.o
LOAD Drivers/STM32F1xx_HAL_Driver/Src/stm32f1xx_hal_tim.o
LOAD Drivers/STM32F1xx_HAL_Driver/Src/stm32f1xx_hal_tim_ex.o
START GROUP
LOAD c:/st/stm32cubeide_1.1.0/stm32cubeide/plugins/com.st.stm32cube.ide.mcu.externaltools.gnu-tools-for-stm32.7-2018-q2-update.win32_1.0.0.201904181610/tools/bin/../lib/gcc/arm-none-eabi/7.3.1/../../../../arm-none-eabi/lib/thumb/v7-m\libc_nano.a
LOAD c:/st/stm32cubeide_1.1.0/stm32cubeide/plugins/com.st.stm32cube.ide.mcu.externaltools.gnu-tools-for-stm32.7-2018-q2-update.win32_1.0.0.201904181610/tools/bin/../lib/gcc/arm-none-eabi/7.3.1/../../../../arm-none-eabi/lib/thumb/v7-m\libm.a
END GROUP
START GROUP
LOAD c:/st/stm32cubeide_1.1.0/stm32cubeide/plugins/com.st.stm32cube.ide.mcu.externaltools.gnu-tools-for-stm32.7-2018-q2-update.win32_1.0.0.201904181610/tools/bin/../lib/gcc/arm-none-eabi/7.3.1/thumb/v7-m\libgcc.a
LOAD c:/st/stm32cubeide_1.1.0/stm32cubeide/plugins/com.st.stm32cube.ide.mcu.externaltools.gnu-tools-for-stm32.7-2018-q2-update.win32_1.0.0.201904181610/tools/bin/../lib/gcc/arm-none-eabi/7.3.1/../../../../arm-none-eabi/lib/thumb/v7-m\libc_nano.a
END GROUP
START GROUP
LOAD c:/st/stm32cubeide_1.1.0/stm32cubeide/plugins/com.st.stm32cube.ide.mcu.externaltools.gnu-tools-for-stm32.7-2018-q2-update.win32_1.0.0.201904181610/tools/bin/../lib/gcc/arm-none-eabi/7.3.1/thumb/v7-m\libgcc.a
LOAD c:/st/stm32cubeide_1.1.0/stm32cubeide/plugins/com.st.stm32cube.ide.mcu.externaltools.gnu-tools-for-stm32.7-2018-q2-update.win32_1.0.0.201904181610/tools/bin/../lib/gcc/arm-none-eabi/7.3.1/../../../../arm-none-eabi/lib/thumb/v7-m\libc_nano.a
LOAD c:/st/stm32cubeide_1.1.0/stm32cubeide/plugins/com.st.stm32cube.ide.mcu.externaltools.gnu-tools-for-stm32.7-2018-q2-update.win32_1.0.0.201904181610/tools/bin/../lib/gcc/arm-none-eabi/7.3.1/../../../../arm-none-eabi/lib/thumb/v7-m\libnosys.a
END GROUP
START GROUP
LOAD c:/st/stm32cubeide_1.1.0/stm32cubeide/plugins/com.st.stm32cube.ide.mcu.externaltools.gnu-tools-for-stm32.7-2018-q2-update.win32_1.0.0.201904181610/tools/bin/../lib/gcc/arm-none-eabi/7.3.1/thumb/v7-m\libgcc.a
LOAD c:/st/stm32cubeide_1.1.0/stm32cubeide/plugins/com.st.stm32cube.ide.mcu.externaltools.gnu-tools-for-stm32.7-2018-q2-update.win32_1.0.0.201904181610/tools/bin/../lib/gcc/arm-none-eabi/7.3.1/../../../../arm-none-eabi/lib/thumb/v7-m\libc_nano.a
LOAD c:/st/stm32cubeide_1.1.0/stm32cubeide/plugins/com.st.stm32cube.ide.mcu.externaltools.gnu-tools-for-stm32.7-2018-q2-update.win32_1.0.0.201904181610/tools/bin/../lib/gcc/arm-none-eabi/7.3.1/../../../../arm-none-eabi/lib/thumb/v7-m\libnosys.a
END GROUP
LOAD c:/st/stm32cubeide_1.1.0/stm32cubeide/plugins/com.st.stm32cube.ide.mcu.externaltools.gnu-tools-for-stm32.7-2018-q2-update.win32_1.0.0.201904181610/tools/bin/../lib/gcc/arm-none-eabi/7.3.1/thumb/v7-m/crtend.o
LOAD c:/st/stm32cubeide_1.1.0/stm32cubeide/plugins/com.st.stm32cube.ide.mcu.externaltools.gnu-tools-for-stm32.7-2018-q2-update.win32_1.0.0.201904181610/tools/bin/../lib/gcc/arm-none-eabi/7.3.1/thumb/v7-m/crtn.o
                0x0000000020005000                _estack = (ORIGIN (RAM) + LENGTH (RAM))
                0x0000000000000200                _Min_Heap_Size = 0x200
                0x0000000000000400                _Min_Stack_Size = 0x400

.isr_vector     0x0000000008000000      0x10c
                0x0000000008000000                . = ALIGN (0x4)
 *(.isr_vector)
 .isr_vector    0x0000000008000000      0x10c Core/Startup/startup_stm32f103c8tx.o
                0x0000000008000000                g_pfnVectors
                0x000000000800010c                . = ALIGN (0x4)

.text           0x000000000800010c     0x1b28
                0x000000000800010c                . = ALIGN (0x4)
 *(.text)
 .text          0x000000000800010c       0x40 c:/st/stm32cubeide_1.1.0/stm32cubeide/plugins/com.st.stm32cube.ide.mcu.externaltools.gnu-tools-for-stm32.7-2018-q2-update.win32_1.0.0.201904181610/tools/bin/../lib/gcc/arm-none-eabi/7.3.1/thumb/v7-m/crtbegin.o
 *(.text*)
 .text.eeprom_init
                0x000000000800014c       0x18 Core/Src/eeprom.o
                0x000000000800014c                eeprom_init
 .text.chip_select
                0x0000000008000164       0x18 Core/Src/eeprom.o
 .text.chip_deselect
                0x000000000800017c       0x18 Core/Src/eeprom.o
 .text.eeprom_write_buf
                0x0000000008000194       0x42 Core/Src/eeprom.o
                0x0000000008000194                eeprom_write_buf
 .text.eeprom_read_buf
                0x00000000080001d6       0x44 Core/Src/eeprom.o
                0x00000000080001d6                eeprom_read_buf
 *fill*         0x000000000800021a        0x2 
 .text.eeprom_write_byte
                0x000000000800021c       0x6c Core/Src/eeprom.o
                0x000000000800021c                eeprom_write_byte
 .text.eeprom_read_byte
                0x0000000008000288       0x48 Core/Src/eeprom.o
                0x0000000008000288                eeprom_read_byte
 .text.main     0x00000000080002d0       0x38 Core/Src/main.o
                0x00000000080002d0                main
 .text.SystemClock_Config
                0x0000000008000308       0x8a Core/Src/main.o
                0x0000000008000308                SystemClock_Config
 *fill*         0x0000000008000392        0x2 
 .text.MX_SPI2_Init
                0x0000000008000394       0x6c Core/Src/main.o
 .text.MX_GPIO_Init
                0x0000000008000400       0xac Core/Src/main.o
 .text.Error_Handler
                0x00000000080004ac        0xc Core/Src/main.o
                0x00000000080004ac                Error_Handler
 .text.HAL_MspInit
                0x00000000080004b8       0x64 Core/Src/stm32f1xx_hal_msp.o
                0x00000000080004b8                HAL_MspInit
 .text.HAL_SPI_MspInit
                0x000000000800051c       0x98 Core/Src/stm32f1xx_hal_msp.o
                0x000000000800051c                HAL_SPI_MspInit
 .text.NMI_Handler
                0x00000000080005b4        0xc Core/Src/stm32f1xx_it.o
                0x00000000080005b4                NMI_Handler
 .text.HardFault_Handler
                0x00000000080005c0        0x6 Core/Src/stm32f1xx_it.o
                0x00000000080005c0                HardFault_Handler
 .text.MemManage_Handler
                0x00000000080005c6        0x6 Core/Src/stm32f1xx_it.o
                0x00000000080005c6                MemManage_Handler
 .text.BusFault_Handler
                0x00000000080005cc        0x6 Core/Src/stm32f1xx_it.o
                0x00000000080005cc                BusFault_Handler
 .text.UsageFault_Handler
                0x00000000080005d2        0x6 Core/Src/stm32f1xx_it.o
                0x00000000080005d2                UsageFault_Handler
 .text.SVC_Handler
                0x00000000080005d8        0xc Core/Src/stm32f1xx_it.o
                0x00000000080005d8                SVC_Handler
 .text.DebugMon_Handler
                0x00000000080005e4        0xc Core/Src/stm32f1xx_it.o
                0x00000000080005e4                DebugMon_Handler
 .text.PendSV_Handler
                0x00000000080005f0        0xc Core/Src/stm32f1xx_it.o
                0x00000000080005f0                PendSV_Handler
 .text.SysTick_Handler
                0x00000000080005fc        0xc Core/Src/stm32f1xx_it.o
                0x00000000080005fc                SysTick_Handler
 .text.SystemInit
                0x0000000008000608       0x68 Core/Src/system_stm32f1xx.o
                0x0000000008000608                SystemInit
 .text.Reset_Handler
                0x0000000008000670       0x48 Core/Startup/startup_stm32f103c8tx.o
                0x0000000008000670                Reset_Handler
 .text.Default_Handler
                0x00000000080006b8        0x2 Core/Startup/startup_stm32f103c8tx.o
                0x00000000080006b8                RTC_Alarm_IRQHandler
                0x00000000080006b8                EXTI2_IRQHandler
                0x00000000080006b8                TIM1_CC_IRQHandler
                0x00000000080006b8                PVD_IRQHandler
                0x00000000080006b8                EXTI3_IRQHandler
                0x00000000080006b8                EXTI0_IRQHandler
                0x00000000080006b8                I2C2_EV_IRQHandler
                0x00000000080006b8                ADC1_2_IRQHandler
                0x00000000080006b8                SPI1_IRQHandler
                0x00000000080006b8                TAMPER_IRQHandler
                0x00000000080006b8                DMA1_Channel4_IRQHandler
                0x00000000080006b8                USART3_IRQHandler
                0x00000000080006b8                RTC_IRQHandler
                0x00000000080006b8                DMA1_Channel7_IRQHandler
                0x00000000080006b8                CAN1_RX1_IRQHandler
                0x00000000080006b8                TIM4_IRQHandler
                0x00000000080006b8                I2C1_EV_IRQHandler
                0x00000000080006b8                DMA1_Channel6_IRQHandler
                0x00000000080006b8                TIM3_IRQHandler
                0x00000000080006b8                RCC_IRQHandler
                0x00000000080006b8                TIM1_TRG_COM_IRQHandler
                0x00000000080006b8                DMA1_Channel1_IRQHandler
                0x00000000080006b8                Default_Handler
                0x00000000080006b8                EXTI15_10_IRQHandler
                0x00000000080006b8                EXTI9_5_IRQHandler
                0x00000000080006b8                SPI2_IRQHandler
                0x00000000080006b8                DMA1_Channel5_IRQHandler
                0x00000000080006b8                EXTI4_IRQHandler
                0x00000000080006b8                USB_LP_CAN1_RX0_IRQHandler
                0x00000000080006b8                USB_HP_CAN1_TX_IRQHandler
                0x00000000080006b8                DMA1_Channel3_IRQHandler
                0x00000000080006b8                TIM1_UP_IRQHandler
                0x00000000080006b8                WWDG_IRQHandler
                0x00000000080006b8                TIM2_IRQHandler
                0x00000000080006b8                TIM1_BRK_IRQHandler
                0x00000000080006b8                EXTI1_IRQHandler
                0x00000000080006b8                USART2_IRQHandler
                0x00000000080006b8                I2C2_ER_IRQHandler
                0x00000000080006b8                DMA1_Channel2_IRQHandler
                0x00000000080006b8                CAN1_SCE_IRQHandler
                0x00000000080006b8                FLASH_IRQHandler
                0x00000000080006b8                USART1_IRQHandler
                0x00000000080006b8                I2C1_ER_IRQHandler
                0x00000000080006b8                USBWakeUp_IRQHandler
 *fill*         0x00000000080006ba        0x2 
 .text.HAL_Init
                0x00000000080006bc       0x2c Drivers/STM32F1xx_HAL_Driver/Src/stm32f1xx_hal.o
                0x00000000080006bc                HAL_Init
 .text.HAL_InitTick
                0x00000000080006e8       0x60 Drivers/STM32F1xx_HAL_Driver/Src/stm32f1xx_hal.o
                0x00000000080006e8                HAL_InitTick
 .text.HAL_IncTick
                0x0000000008000748       0x24 Drivers/STM32F1xx_HAL_Driver/Src/stm32f1xx_hal.o
                0x0000000008000748                HAL_IncTick
 .text.HAL_GetTick
                0x000000000800076c       0x14 Drivers/STM32F1xx_HAL_Driver/Src/stm32f1xx_hal.o
                0x000000000800076c                HAL_GetTick
 .text.HAL_Delay
                0x0000000008000780       0x44 Drivers/STM32F1xx_HAL_Driver/Src/stm32f1xx_hal.o
                0x0000000008000780                HAL_Delay
 .text.__NVIC_SetPriorityGrouping
                0x00000000080007c4       0x48 Drivers/STM32F1xx_HAL_Driver/Src/stm32f1xx_hal_cortex.o
 .text.__NVIC_GetPriorityGrouping
                0x000000000800080c       0x1c Drivers/STM32F1xx_HAL_Driver/Src/stm32f1xx_hal_cortex.o
 .text.__NVIC_SetPriority
                0x0000000008000828       0x54 Drivers/STM32F1xx_HAL_Driver/Src/stm32f1xx_hal_cortex.o
 .text.NVIC_EncodePriority
                0x000000000800087c       0x64 Drivers/STM32F1xx_HAL_Driver/Src/stm32f1xx_hal_cortex.o
 .text.SysTick_Config
                0x00000000080008e0       0x44 Drivers/STM32F1xx_HAL_Driver/Src/stm32f1xx_hal_cortex.o
 .text.HAL_NVIC_SetPriorityGrouping
                0x0000000008000924       0x16 Drivers/STM32F1xx_HAL_Driver/Src/stm32f1xx_hal_cortex.o
                0x0000000008000924                HAL_NVIC_SetPriorityGrouping
 .text.HAL_NVIC_SetPriority
                0x000000000800093a       0x38 Drivers/STM32F1xx_HAL_Driver/Src/stm32f1xx_hal_cortex.o
                0x000000000800093a                HAL_NVIC_SetPriority
 .text.HAL_SYSTICK_Config
                0x0000000008000972       0x18 Drivers/STM32F1xx_HAL_Driver/Src/stm32f1xx_hal_cortex.o
                0x0000000008000972                HAL_SYSTICK_Config
 *fill*         0x000000000800098a        0x2 
 .text.HAL_GPIO_Init
                0x000000000800098c      0x2b4 Drivers/STM32F1xx_HAL_Driver/Src/stm32f1xx_hal_gpio.o
                0x000000000800098c                HAL_GPIO_Init
 .text.HAL_GPIO_WritePin
                0x0000000008000c40       0x30 Drivers/STM32F1xx_HAL_Driver/Src/stm32f1xx_hal_gpio.o
                0x0000000008000c40                HAL_GPIO_WritePin
 .text.HAL_RCC_OscConfig
                0x0000000008000c70      0x500 Drivers/STM32F1xx_HAL_Driver/Src/stm32f1xx_hal_rcc.o
                0x0000000008000c70                HAL_RCC_OscConfig
 .text.HAL_RCC_ClockConfig
                0x0000000008001170      0x1d4 Drivers/STM32F1xx_HAL_Driver/Src/stm32f1xx_hal_rcc.o
                0x0000000008001170                HAL_RCC_ClockConfig
 .text.HAL_RCC_GetSysClockFreq
                0x0000000008001344       0xc4 Drivers/STM32F1xx_HAL_Driver/Src/stm32f1xx_hal_rcc.o
                0x0000000008001344                HAL_RCC_GetSysClockFreq
 .text.RCC_Delay
                0x0000000008001408       0x3c Drivers/STM32F1xx_HAL_Driver/Src/stm32f1xx_hal_rcc.o
 .text.HAL_SPI_Init
                0x0000000008001444       0xc2 Drivers/STM32F1xx_HAL_Driver/Src/stm32f1xx_hal_spi.o
                0x0000000008001444                HAL_SPI_Init
 .text.HAL_SPI_Transmit
                0x0000000008001506      0x268 Drivers/STM32F1xx_HAL_Driver/Src/stm32f1xx_hal_spi.o
                0x0000000008001506                HAL_SPI_Transmit
 .text.HAL_SPI_TransmitReceive
                0x000000000800176e      0x344 Drivers/STM32F1xx_HAL_Driver/Src/stm32f1xx_hal_spi.o
                0x000000000800176e                HAL_SPI_TransmitReceive
 .text.SPI_WaitFlagStateUntilTimeout
                0x0000000008001ab2       0xd4 Drivers/STM32F1xx_HAL_Driver/Src/stm32f1xx_hal_spi.o
 .text.SPI_EndRxTxTransaction
                0x0000000008001b86       0x3c Drivers/STM32F1xx_HAL_Driver/Src/stm32f1xx_hal_spi.o
 *fill*         0x0000000008001bc2        0x2 
 .text.__libc_init_array
                0x0000000008001bc4       0x48 c:/st/stm32cubeide_1.1.0/stm32cubeide/plugins/com.st.stm32cube.ide.mcu.externaltools.gnu-tools-for-stm32.7-2018-q2-update.win32_1.0.0.201904181610/tools/bin/../lib/gcc/arm-none-eabi/7.3.1/../../../../arm-none-eabi/lib/thumb/v7-m\libc_nano.a(lib_a-init.o)
                0x0000000008001bc4                __libc_init_array
 .text.memset   0x0000000008001c0c       0x10 c:/st/stm32cubeide_1.1.0/stm32cubeide/plugins/com.st.stm32cube.ide.mcu.externaltools.gnu-tools-for-stm32.7-2018-q2-update.win32_1.0.0.201904181610/tools/bin/../lib/gcc/arm-none-eabi/7.3.1/../../../../arm-none-eabi/lib/thumb/v7-m\libc_nano.a(lib_a-memset.o)
                0x0000000008001c0c                memset
 *(.glue_7)
 .glue_7        0x0000000008001c1c        0x0 linker stubs
 *(.glue_7t)
 .glue_7t       0x0000000008001c1c        0x0 linker stubs
 *(.eh_frame)
 .eh_frame      0x0000000008001c1c        0x0 c:/st/stm32cubeide_1.1.0/stm32cubeide/plugins/com.st.stm32cube.ide.mcu.externaltools.gnu-tools-for-stm32.7-2018-q2-update.win32_1.0.0.201904181610/tools/bin/../lib/gcc/arm-none-eabi/7.3.1/thumb/v7-m/crtbegin.o
 *(.init)
 .init          0x0000000008001c1c        0x4 c:/st/stm32cubeide_1.1.0/stm32cubeide/plugins/com.st.stm32cube.ide.mcu.externaltools.gnu-tools-for-stm32.7-2018-q2-update.win32_1.0.0.201904181610/tools/bin/../lib/gcc/arm-none-eabi/7.3.1/thumb/v7-m/crti.o
                0x0000000008001c1c                _init
 .init          0x0000000008001c20        0x8 c:/st/stm32cubeide_1.1.0/stm32cubeide/plugins/com.st.stm32cube.ide.mcu.externaltools.gnu-tools-for-stm32.7-2018-q2-update.win32_1.0.0.201904181610/tools/bin/../lib/gcc/arm-none-eabi/7.3.1/thumb/v7-m/crtn.o
 *(.fini)
 .fini          0x0000000008001c28        0x4 c:/st/stm32cubeide_1.1.0/stm32cubeide/plugins/com.st.stm32cube.ide.mcu.externaltools.gnu-tools-for-stm32.7-2018-q2-update.win32_1.0.0.201904181610/tools/bin/../lib/gcc/arm-none-eabi/7.3.1/thumb/v7-m/crti.o
                0x0000000008001c28                _fini
 .fini          0x0000000008001c2c        0x8 c:/st/stm32cubeide_1.1.0/stm32cubeide/plugins/com.st.stm32cube.ide.mcu.externaltools.gnu-tools-for-stm32.7-2018-q2-update.win32_1.0.0.201904181610/tools/bin/../lib/gcc/arm-none-eabi/7.3.1/thumb/v7-m/crtn.o
                0x0000000008001c34                . = ALIGN (0x4)
                0x0000000008001c34                _etext = .

.vfp11_veneer   0x0000000008001c34        0x0
 .vfp11_veneer  0x0000000008001c34        0x0 linker stubs

.v4_bx          0x0000000008001c34        0x0
 .v4_bx         0x0000000008001c34        0x0 linker stubs

.iplt           0x0000000008001c34        0x0
 .iplt          0x0000000008001c34        0x0 c:/st/stm32cubeide_1.1.0/stm32cubeide/plugins/com.st.stm32cube.ide.mcu.externaltools.gnu-tools-for-stm32.7-2018-q2-update.win32_1.0.0.201904181610/tools/bin/../lib/gcc/arm-none-eabi/7.3.1/thumb/v7-m/crtbegin.o

.rodata         0x0000000008001c34       0x34
                0x0000000008001c34                . = ALIGN (0x4)
 *(.rodata)
 .rodata        0x0000000008001c34        0xe Core/Src/main.o
 *fill*         0x0000000008001c42        0x2 
 .rodata        0x0000000008001c44       0x12 Drivers/STM32F1xx_HAL_Driver/Src/stm32f1xx_hal_rcc.o
 *(.rodata*)
 *fill*         0x0000000008001c56        0x2 
 .rodata.AHBPrescTable
                0x0000000008001c58       0x10 Core/Src/system_stm32f1xx.o
                0x0000000008001c58                AHBPrescTable
                0x0000000008001c68                . = ALIGN (0x4)

.rel.dyn        0x0000000008001c68        0x0
 .rel.iplt      0x0000000008001c68        0x0 c:/st/stm32cubeide_1.1.0/stm32cubeide/plugins/com.st.stm32cube.ide.mcu.externaltools.gnu-tools-for-stm32.7-2018-q2-update.win32_1.0.0.201904181610/tools/bin/../lib/gcc/arm-none-eabi/7.3.1/thumb/v7-m/crtbegin.o

.ARM.extab      0x0000000008001c68        0x0
                0x0000000008001c68                . = ALIGN (0x4)
 *(.ARM.extab* .gnu.linkonce.armextab.*)
                0x0000000008001c68                . = ALIGN (0x4)

.ARM            0x0000000008001c68        0x0
                0x0000000008001c68                . = ALIGN (0x4)
                0x0000000008001c68                __exidx_start = .
 *(.ARM.exidx*)
                0x0000000008001c68                __exidx_end = .
                0x0000000008001c68                . = ALIGN (0x4)

.preinit_array  0x0000000008001c68        0x0
                0x0000000008001c68                . = ALIGN (0x4)
                0x0000000008001c68                PROVIDE (__preinit_array_start = .)
 *(.preinit_array*)
                0x0000000008001c68                PROVIDE (__preinit_array_end = .)
                0x0000000008001c68                . = ALIGN (0x4)

.init_array     0x0000000008001c68        0x4
                0x0000000008001c68                . = ALIGN (0x4)
                0x0000000008001c68                PROVIDE (__init_array_start = .)
 *(SORT_BY_NAME(.init_array.*))
 *(.init_array*)
 .init_array    0x0000000008001c68        0x4 c:/st/stm32cubeide_1.1.0/stm32cubeide/plugins/com.st.stm32cube.ide.mcu.externaltools.gnu-tools-for-stm32.7-2018-q2-update.win32_1.0.0.201904181610/tools/bin/../lib/gcc/arm-none-eabi/7.3.1/thumb/v7-m/crtbegin.o
                0x0000000008001c6c                PROVIDE (__init_array_end = .)
                0x0000000008001c6c                . = ALIGN (0x4)

.fini_array     0x0000000008001c6c        0x4
                0x0000000008001c6c                . = ALIGN (0x4)
                [!provide]                        PROVIDE (__fini_array_start = .)
 *(SORT_BY_NAME(.fini_array.*))
 *(.fini_array*)
 .fini_array    0x0000000008001c6c        0x4 c:/st/stm32cubeide_1.1.0/stm32cubeide/plugins/com.st.stm32cube.ide.mcu.externaltools.gnu-tools-for-stm32.7-2018-q2-update.win32_1.0.0.201904181610/tools/bin/../lib/gcc/arm-none-eabi/7.3.1/thumb/v7-m/crtbegin.o
                [!provide]                        PROVIDE (__fini_array_end = .)
                0x0000000008001c70                . = ALIGN (0x4)
                0x0000000008001c70                _sidata = LOADADDR (.data)

.data           0x0000000020000000        0xc load address 0x0000000008001c70
                0x0000000020000000                . = ALIGN (0x4)
                0x0000000020000000                _sdata = .
 *(.data)
 *(.data*)
 .data.SystemCoreClock
                0x0000000020000000        0x4 Core/Src/system_stm32f1xx.o
                0x0000000020000000                SystemCoreClock
 .data.uwTickPrio
                0x0000000020000004        0x4 Drivers/STM32F1xx_HAL_Driver/Src/stm32f1xx_hal.o
                0x0000000020000004                uwTickPrio
 .data.uwTickFreq
                0x0000000020000008        0x1 Drivers/STM32F1xx_HAL_Driver/Src/stm32f1xx_hal.o
                0x0000000020000008                uwTickFreq
                0x000000002000000c                . = ALIGN (0x4)
 *fill*         0x0000000020000009        0x3 
                0x000000002000000c                _edata = .

.igot.plt       0x000000002000000c        0x0 load address 0x0000000008001c7c
 .igot.plt      0x000000002000000c        0x0 c:/st/stm32cubeide_1.1.0/stm32cubeide/plugins/com.st.stm32cube.ide.mcu.externaltools.gnu-tools-for-stm32.7-2018-q2-update.win32_1.0.0.201904181610/tools/bin/../lib/gcc/arm-none-eabi/7.3.1/thumb/v7-m/crtbegin.o
                0x000000002000000c                . = ALIGN (0x4)

.bss            0x000000002000000c       0x78 load address 0x0000000008001c7c
                0x000000002000000c                _sbss = .
                0x000000002000000c                __bss_start__ = _sbss
 *(.bss)
 .bss           0x000000002000000c       0x1c c:/st/stm32cubeide_1.1.0/stm32cubeide/plugins/com.st.stm32cube.ide.mcu.externaltools.gnu-tools-for-stm32.7-2018-q2-update.win32_1.0.0.201904181610/tools/bin/../lib/gcc/arm-none-eabi/7.3.1/thumb/v7-m/crtbegin.o
 *(.bss*)
 *(COMMON)
 COMMON         0x0000000020000028       0x58 Core/Src/main.o
                0x0000000020000028                hspi2
 COMMON         0x0000000020000080        0x4 Drivers/STM32F1xx_HAL_Driver/Src/stm32f1xx_hal.o
                0x0000000020000080                uwTick
                0x0000000020000084                . = ALIGN (0x4)
                0x0000000020000084                _ebss = .
                0x0000000020000084                __bss_end__ = _ebss

._user_heap_stack
                0x0000000020000084      0x604 load address 0x0000000008001c7c
                0x0000000020000088                . = ALIGN (0x8)
 *fill*         0x0000000020000084        0x4 
                0x0000000020000088                PROVIDE (end = .)
                [!provide]                        PROVIDE (_end = .)
                0x0000000020000288                . = (. + _Min_Heap_Size)
 *fill*         0x0000000020000088      0x200 
                0x0000000020000688                . = (. + _Min_Stack_Size)
 *fill*         0x0000000020000288      0x400 
                0x0000000020000688                . = ALIGN (0x8)

/DISCARD/
 libc.a(*)
 libm.a(*)
 libgcc.a(*)

.ARM.attributes
                0x0000000000000000       0x29
 *(.ARM.attributes)
 .ARM.attributes
                0x0000000000000000       0x1d c:/st/stm32cubeide_1.1.0/stm32cubeide/plugins/com.st.stm32cube.ide.mcu.externaltools.gnu-tools-for-stm32.7-2018-q2-update.win32_1.0.0.201904181610/tools/bin/../lib/gcc/arm-none-eabi/7.3.1/thumb/v7-m/crti.o
 .ARM.attributes
                0x000000000000001d       0x2d c:/st/stm32cubeide_1.1.0/stm32cubeide/plugins/com.st.stm32cube.ide.mcu.externaltools.gnu-tools-for-stm32.7-2018-q2-update.win32_1.0.0.201904181610/tools/bin/../lib/gcc/arm-none-eabi/7.3.1/thumb/v7-m/crtbegin.o
 .ARM.attributes
                0x000000000000004a       0x33 Core/Src/eeprom.o
 .ARM.attributes
                0x000000000000007d       0x33 Core/Src/main.o
 .ARM.attributes
                0x00000000000000b0       0x33 Core/Src/stm32f1xx_hal_msp.o
 .ARM.attributes
                0x00000000000000e3       0x33 Core/Src/stm32f1xx_it.o
 .ARM.attributes
                0x0000000000000116       0x33 Core/Src/system_stm32f1xx.o
 .ARM.attributes
                0x0000000000000149       0x21 Core/Startup/startup_stm32f103c8tx.o
 .ARM.attributes
                0x000000000000016a       0x33 Drivers/STM32F1xx_HAL_Driver/Src/stm32f1xx_hal.o
 .ARM.attributes
                0x000000000000019d       0x33 Drivers/STM32F1xx_HAL_Driver/Src/stm32f1xx_hal_cortex.o
 .ARM.attributes
                0x00000000000001d0       0x33 Drivers/STM32F1xx_HAL_Driver/Src/stm32f1xx_hal_gpio.o
 .ARM.attributes
                0x0000000000000203       0x33 Drivers/STM32F1xx_HAL_Driver/Src/stm32f1xx_hal_rcc.o
 .ARM.attributes
                0x0000000000000236       0x33 Drivers/STM32F1xx_HAL_Driver/Src/stm32f1xx_hal_spi.o
 .ARM.attributes
                0x0000000000000269       0x2d c:/st/stm32cubeide_1.1.0/stm32cubeide/plugins/com.st.stm32cube.ide.mcu.externaltools.gnu-tools-for-stm32.7-2018-q2-update.win32_1.0.0.201904181610/tools/bin/../lib/gcc/arm-none-eabi/7.3.1/../../../../arm-none-eabi/lib/thumb/v7-m\libc_nano.a(lib_a-init.o)
 .ARM.attributes
                0x0000000000000296       0x2d c:/st/stm32cubeide_1.1.0/stm32cubeide/plugins/com.st.stm32cube.ide.mcu.externaltools.gnu-tools-for-stm32.7-2018-q2-update.win32_1.0.0.201904181610/tools/bin/../lib/gcc/arm-none-eabi/7.3.1/../../../../arm-none-eabi/lib/thumb/v7-m\libc_nano.a(lib_a-memset.o)
 .ARM.attributes
                0x00000000000002c3       0x1d c:/st/stm32cubeide_1.1.0/stm32cubeide/plugins/com.st.stm32cube.ide.mcu.externaltools.gnu-tools-for-stm32.7-2018-q2-update.win32_1.0.0.201904181610/tools/bin/../lib/gcc/arm-none-eabi/7.3.1/thumb/v7-m/crtn.o
OUTPUT(BlueBillDemo_SPI_EEPROM.elf elf32-littlearm)

.debug_info     0x0000000000000000     0x569b
 .debug_info    0x0000000000000000      0x831 Core/Src/eeprom.o
 .debug_info    0x0000000000000831      0x991 Core/Src/main.o
 .debug_info    0x00000000000011c2      0x887 Core/Src/stm32f1xx_hal_msp.o
 .debug_info    0x0000000000001a49      0x1fa Core/Src/stm32f1xx_it.o
 .debug_info    0x0000000000001c43      0x433 Core/Src/system_stm32f1xx.o
 .debug_info    0x0000000000002076       0x22 Core/Startup/startup_stm32f103c8tx.o
 .debug_info    0x0000000000002098      0x6fe Drivers/STM32F1xx_HAL_Driver/Src/stm32f1xx_hal.o
 .debug_info    0x0000000000002796      0xb46 Drivers/STM32F1xx_HAL_Driver/Src/stm32f1xx_hal_cortex.o
 .debug_info    0x00000000000032dc      0x681 Drivers/STM32F1xx_HAL_Driver/Src/stm32f1xx_hal_gpio.o
 .debug_info    0x000000000000395d      0x804 Drivers/STM32F1xx_HAL_Driver/Src/stm32f1xx_hal_rcc.o
 .debug_info    0x0000000000004161     0x153a Drivers/STM32F1xx_HAL_Driver/Src/stm32f1xx_hal_spi.o

.debug_abbrev   0x0000000000000000     0x122f
 .debug_abbrev  0x0000000000000000      0x1b9 Core/Src/eeprom.o
 .debug_abbrev  0x00000000000001b9      0x1ee Core/Src/main.o
 .debug_abbrev  0x00000000000003a7      0x18c Core/Src/stm32f1xx_hal_msp.o
 .debug_abbrev  0x0000000000000533       0xc6 Core/Src/stm32f1xx_it.o
 .debug_abbrev  0x00000000000005f9      0x134 Core/Src/system_stm32f1xx.o
 .debug_abbrev  0x000000000000072d       0x12 Core/Startup/startup_stm32f103c8tx.o
 .debug_abbrev  0x000000000000073f      0x1d8 Drivers/STM32F1xx_HAL_Driver/Src/stm32f1xx_hal.o
 .debug_abbrev  0x0000000000000917      0x2d5 Drivers/STM32F1xx_HAL_Driver/Src/stm32f1xx_hal_cortex.o
 .debug_abbrev  0x0000000000000bec      0x1c0 Drivers/STM32F1xx_HAL_Driver/Src/stm32f1xx_hal_gpio.o
 .debug_abbrev  0x0000000000000dac      0x243 Drivers/STM32F1xx_HAL_Driver/Src/stm32f1xx_hal_rcc.o
 .debug_abbrev  0x0000000000000fef      0x240 Drivers/STM32F1xx_HAL_Driver/Src/stm32f1xx_hal_spi.o

.debug_aranges  0x0000000000000000      0x610
 .debug_aranges
                0x0000000000000000       0x58 Core/Src/eeprom.o
 .debug_aranges
                0x0000000000000058       0x40 Core/Src/main.o
 .debug_aranges
                0x0000000000000098       0x30 Core/Src/stm32f1xx_hal_msp.o
 .debug_aranges
                0x00000000000000c8       0x60 Core/Src/stm32f1xx_it.o
 .debug_aranges
                0x0000000000000128       0x28 Core/Src/system_stm32f1xx.o
 .debug_aranges
                0x0000000000000150       0x28 Core/Startup/startup_stm32f103c8tx.o
 .debug_aranges
                0x0000000000000178       0xe0 Drivers/STM32F1xx_HAL_Driver/Src/stm32f1xx_hal.o
 .debug_aranges
                0x0000000000000258      0x100 Drivers/STM32F1xx_HAL_Driver/Src/stm32f1xx_hal_cortex.o
 .debug_aranges
                0x0000000000000358       0x58 Drivers/STM32F1xx_HAL_Driver/Src/stm32f1xx_hal_gpio.o
 .debug_aranges
                0x00000000000003b0       0x90 Drivers/STM32F1xx_HAL_Driver/Src/stm32f1xx_hal_rcc.o
 .debug_aranges
                0x0000000000000440      0x1d0 Drivers/STM32F1xx_HAL_Driver/Src/stm32f1xx_hal_spi.o

.debug_ranges   0x0000000000000000      0x568
 .debug_ranges  0x0000000000000000       0x48 Core/Src/eeprom.o
 .debug_ranges  0x0000000000000048       0x30 Core/Src/main.o
 .debug_ranges  0x0000000000000078       0x20 Core/Src/stm32f1xx_hal_msp.o
 .debug_ranges  0x0000000000000098       0x50 Core/Src/stm32f1xx_it.o
 .debug_ranges  0x00000000000000e8       0x18 Core/Src/system_stm32f1xx.o
 .debug_ranges  0x0000000000000100       0x20 Core/Startup/startup_stm32f103c8tx.o
 .debug_ranges  0x0000000000000120       0xd0 Drivers/STM32F1xx_HAL_Driver/Src/stm32f1xx_hal.o
 .debug_ranges  0x00000000000001f0       0xf0 Drivers/STM32F1xx_HAL_Driver/Src/stm32f1xx_hal_cortex.o
 .debug_ranges  0x00000000000002e0       0x48 Drivers/STM32F1xx_HAL_Driver/Src/stm32f1xx_hal_gpio.o
 .debug_ranges  0x0000000000000328       0x80 Drivers/STM32F1xx_HAL_Driver/Src/stm32f1xx_hal_rcc.o
 .debug_ranges  0x00000000000003a8      0x1c0 Drivers/STM32F1xx_HAL_Driver/Src/stm32f1xx_hal_spi.o

.debug_macro    0x0000000000000000    0x1296f
 .debug_macro   0x0000000000000000      0x198 Core/Src/eeprom.o
 .debug_macro   0x0000000000000198      0xa5a Core/Src/eeprom.o
 .debug_macro   0x0000000000000bf2       0x22 Core/Src/eeprom.o
 .debug_macro   0x0000000000000c14       0x8e Core/Src/eeprom.o
 .debug_macro   0x0000000000000ca2       0x51 Core/Src/eeprom.o
 .debug_macro   0x0000000000000cf3       0xef Core/Src/eeprom.o
 .debug_macro   0x0000000000000de2       0x6a Core/Src/eeprom.o
 .debug_macro   0x0000000000000e4c      0x1df Core/Src/eeprom.o
 .debug_macro   0x000000000000102b       0x22 Core/Src/eeprom.o
 .debug_macro   0x000000000000104d      0x215 Core/Src/eeprom.o
 .debug_macro   0x0000000000001262       0x2e Core/Src/eeprom.o
 .debug_macro   0x0000000000001290       0x22 Core/Src/eeprom.o
 .debug_macro   0x00000000000012b2       0x1c Core/Src/eeprom.o
 .debug_macro   0x00000000000012ce       0x22 Core/Src/eeprom.o
 .debug_macro   0x00000000000012f0       0xc3 Core/Src/eeprom.o
 .debug_macro   0x00000000000013b3      0xd23 Core/Src/eeprom.o
 .debug_macro   0x00000000000020d6     0xe09e Core/Src/eeprom.o
 .debug_macro   0x0000000000010174       0x43 Core/Src/eeprom.o
 .debug_macro   0x00000000000101b7      0x174 Core/Src/eeprom.o
 .debug_macro   0x000000000001032b       0x5a Core/Src/eeprom.o
 .debug_macro   0x0000000000010385      0x5be Core/Src/eeprom.o
 .debug_macro   0x0000000000010943      0x289 Core/Src/eeprom.o
 .debug_macro   0x0000000000010bcc      0x1cb Core/Src/eeprom.o
 .debug_macro   0x0000000000010d97      0x114 Core/Src/eeprom.o
 .debug_macro   0x0000000000010eab      0x1b2 Core/Src/eeprom.o
 .debug_macro   0x000000000001105d       0x27 Core/Src/eeprom.o
 .debug_macro   0x0000000000011084      0x136 Core/Src/eeprom.o
 .debug_macro   0x00000000000111ba      0x1bc Core/Src/eeprom.o
 .debug_macro   0x0000000000011376       0x34 Core/Src/eeprom.o
 .debug_macro   0x00000000000113aa       0x3c Core/Src/eeprom.o
 .debug_macro   0x00000000000113e6       0x57 Core/Src/eeprom.o
 .debug_macro   0x000000000001143d       0x88 Core/Src/eeprom.o
 .debug_macro   0x00000000000114c5      0x241 Core/Src/eeprom.o
 .debug_macro   0x0000000000011706      0x141 Core/Src/eeprom.o
 .debug_macro   0x0000000000011847      0x217 Core/Src/eeprom.o
 .debug_macro   0x0000000000011a5e       0x83 Core/Src/eeprom.o
 .debug_macro   0x0000000000011ae1      0x199 Core/Src/main.o
 .debug_macro   0x0000000000011c7a      0x18f Core/Src/stm32f1xx_hal_msp.o
 .debug_macro   0x0000000000011e09      0x199 Core/Src/stm32f1xx_it.o
 .debug_macro   0x0000000000011fa2      0x18b Core/Src/system_stm32f1xx.o
 .debug_macro   0x000000000001212d      0x1a9 Drivers/STM32F1xx_HAL_Driver/Src/stm32f1xx_hal.o
 .debug_macro   0x00000000000122d6      0x185 Drivers/STM32F1xx_HAL_Driver/Src/stm32f1xx_hal_cortex.o
 .debug_macro   0x000000000001245b      0x1f0 Drivers/STM32F1xx_HAL_Driver/Src/stm32f1xx_hal_gpio.o
 .debug_macro   0x000000000001264b      0x197 Drivers/STM32F1xx_HAL_Driver/Src/stm32f1xx_hal_rcc.o
 .debug_macro   0x00000000000127e2      0x18d Drivers/STM32F1xx_HAL_Driver/Src/stm32f1xx_hal_spi.o

.debug_line     0x0000000000000000     0x518e
 .debug_line    0x0000000000000000      0x6be Core/Src/eeprom.o
 .debug_line    0x00000000000006be      0x67f Core/Src/main.o
 .debug_line    0x0000000000000d3d      0x636 Core/Src/stm32f1xx_hal_msp.o
 .debug_line    0x0000000000001373      0x6a8 Core/Src/stm32f1xx_it.o
 .debug_line    0x0000000000001a1b      0x635 Core/Src/system_stm32f1xx.o
 .debug_line    0x0000000000002050       0x84 Core/Startup/startup_stm32f103c8tx.o
 .debug_line    0x00000000000020d4      0x7dd Drivers/STM32F1xx_HAL_Driver/Src/stm32f1xx_hal.o
 .debug_line    0x00000000000028b1      0x8b6 Drivers/STM32F1xx_HAL_Driver/Src/stm32f1xx_hal_cortex.o
 .debug_line    0x0000000000003167      0x7dd Drivers/STM32F1xx_HAL_Driver/Src/stm32f1xx_hal_gpio.o
 .debug_line    0x0000000000003944      0x89f Drivers/STM32F1xx_HAL_Driver/Src/stm32f1xx_hal_rcc.o
 .debug_line    0x00000000000041e3      0xfab Drivers/STM32F1xx_HAL_Driver/Src/stm32f1xx_hal_spi.o

.debug_str      0x0000000000000000    0x65a71
 .debug_str     0x0000000000000000    0x6428f Core/Src/eeprom.o
                                      0x64589 (size before relaxing)
 .debug_str     0x000000000006428f      0x200 Core/Src/main.o
                                      0x64670 (size before relaxing)
 .debug_str     0x000000000006448f       0x81 Core/Src/stm32f1xx_hal_msp.o
                                      0x6453c (size before relaxing)
 .debug_str     0x0000000000064510       0xbd Core/Src/stm32f1xx_it.o
                                      0x6412e (size before relaxing)
 .debug_str     0x00000000000645cd       0xc2 Core/Src/system_stm32f1xx.o
                                      0x64178 (size before relaxing)
 .debug_str     0x000000000006468f       0x36 Core/Startup/startup_stm32f103c8tx.o
                                         0x7f (size before relaxing)
 .debug_str     0x00000000000646c5      0x629 Drivers/STM32F1xx_HAL_Driver/Src/stm32f1xx_hal.o
                                      0x64789 (size before relaxing)
 .debug_str     0x0000000000064cee      0x2c8 Drivers/STM32F1xx_HAL_Driver/Src/stm32f1xx_hal_cortex.o
                                      0x64797 (size before relaxing)
 .debug_str     0x0000000000064fb6      0x324 Drivers/STM32F1xx_HAL_Driver/Src/stm32f1xx_hal_gpio.o
                                      0x644c2 (size before relaxing)
 .debug_str     0x00000000000652da      0x263 Drivers/STM32F1xx_HAL_Driver/Src/stm32f1xx_hal_rcc.o
                                      0x644fb (size before relaxing)
 .debug_str     0x000000000006553d      0x534 Drivers/STM32F1xx_HAL_Driver/Src/stm32f1xx_hal_spi.o
                                      0x649e9 (size before relaxing)

.comment        0x0000000000000000       0x7b
 .comment       0x0000000000000000       0x7b Core/Src/eeprom.o
                                         0x7c (size before relaxing)
 .comment       0x000000000000007b       0x7c Core/Src/main.o
 .comment       0x000000000000007b       0x7c Core/Src/stm32f1xx_hal_msp.o
 .comment       0x000000000000007b       0x7c Core/Src/stm32f1xx_it.o
 .comment       0x000000000000007b       0x7c Core/Src/system_stm32f1xx.o
 .comment       0x000000000000007b       0x7c Drivers/STM32F1xx_HAL_Driver/Src/stm32f1xx_hal.o
 .comment       0x000000000000007b       0x7c Drivers/STM32F1xx_HAL_Driver/Src/stm32f1xx_hal_cortex.o
 .comment       0x000000000000007b       0x7c Drivers/STM32F1xx_HAL_Driver/Src/stm32f1xx_hal_gpio.o
 .comment       0x000000000000007b       0x7c Drivers/STM32F1xx_HAL_Driver/Src/stm32f1xx_hal_rcc.o
 .comment       0x000000000000007b       0x7c Drivers/STM32F1xx_HAL_Driver/Src/stm32f1xx_hal_spi.o

.debug_frame    0x0000000000000000     0x16ec
 .debug_frame   0x0000000000000000      0x120 Core/Src/eeprom.o
 .debug_frame   0x0000000000000120       0xb4 Core/Src/main.o
 .debug_frame   0x00000000000001d4       0x80 Core/Src/stm32f1xx_hal_msp.o
 .debug_frame   0x0000000000000254      0x10c Core/Src/stm32f1xx_it.o
 .debug_frame   0x0000000000000360       0x58 Core/Src/system_stm32f1xx.o
 .debug_frame   0x00000000000003b8      0x334 Drivers/STM32F1xx_HAL_Driver/Src/stm32f1xx_hal.o
 .debug_frame   0x00000000000006ec      0x428 Drivers/STM32F1xx_HAL_Driver/Src/stm32f1xx_hal_cortex.o
 .debug_frame   0x0000000000000b14      0x14c Drivers/STM32F1xx_HAL_Driver/Src/stm32f1xx_hal_gpio.o
 .debug_frame   0x0000000000000c60      0x21c Drivers/STM32F1xx_HAL_Driver/Src/stm32f1xx_hal_rcc.o
 .debug_frame   0x0000000000000e7c      0x824 Drivers/STM32F1xx_HAL_Driver/Src/stm32f1xx_hal_spi.o
 .debug_frame   0x00000000000016a0       0x2c c:/st/stm32cubeide_1.1.0/stm32cubeide/plugins/com.st.stm32cube.ide.mcu.externaltools.gnu-tools-for-stm32.7-2018-q2-update.win32_1.0.0.201904181610/tools/bin/../lib/gcc/arm-none-eabi/7.3.1/../../../../arm-none-eabi/lib/thumb/v7-m\libc_nano.a(lib_a-init.o)
 .debug_frame   0x00000000000016cc       0x20 c:/st/stm32cubeide_1.1.0/stm32cubeide/plugins/com.st.stm32cube.ide.mcu.externaltools.gnu-tools-for-stm32.7-2018-q2-update.win32_1.0.0.201904181610/tools/bin/../lib/gcc/arm-none-eabi/7.3.1/../../../../arm-none-eabi/lib/thumb/v7-m\libc_nano.a(lib_a-memset.o)
