nrf24l01.c:32:6:nrf24l01_initialize	32	static
nrf24l01.c:158:6:nrf24l01_power_up	24	static
nrf24l01.c:192:6:nrf24l01_power_up_param	16	static
nrf24l01.c:216:6:nrf24l01_power_down	16	static
nrf24l01.c:235:6:nrf24l01_power_down_param	16	static
nrf24l01.c:253:15:nrf24l01_write_register	24	static
nrf24l01.c:267:15:nrf24l01_read_register	24	static
nrf24l01.c:277:6:nrf24l01_set_tx_addr	16	static
nrf24l01.c:290:6:nrf24l01_set_rx_addr	24	static
nrf24l01.c:299:6:nrf24l01_irq_clear_all	16	static
nrf24l01.c:308:15:nrf24l01_execute_command	32	static
nrf24l01.c:325:6:nrf24l01_spi_send_read	40	static
nrf24l01.c:351:6:nrf24l01_initialize_debug	96	static
nrf24l01.c:398:6:nrf24l01_initialize_debug_lite	24	static
nrf24l01.c:419:6:nrf24l01_set_as_rx	24	static
nrf24l01.c:444:6:nrf24l01_set_as_rx_param	16	static
nrf24l01.c:455:6:nrf24l01_rx_standby_to_active	8	static
nrf24l01.c:461:6:nrf24l01_rx_active_to_standby	8	static
nrf24l01.c:471:6:nrf24l01_set_as_tx	16	static
nrf24l01.c:490:6:nrf24l01_set_as_tx_param	16	static
nrf24l01.c:507:15:nrf24l01_write_tx_payload	32	static
nrf24l01.c:522:15:nrf24l01_flush_tx	8	static
nrf24l01.c:530:15:nrf24l01_flush_rx	8	static
nrf24l01.c:538:15:nrf24l01_reuse_tx_pl	8	static
nrf24l01.c:546:15:nrf24l01_nop	8	static
nrf24l01.c:558:6:nrf24l01_set_rx_pw	16	static
nrf24l01.c:570:15:nrf24l01_get_rx_pw	24	static
nrf24l01.c:583:15:nrf24l01_get_config	16	static
nrf24l01.c:593:6:nrf24l01_set_config	16	static
nrf24l01.c:599:15:nrf24l01_get_rf_ch	16	static
nrf24l01.c:609:6:nrf24l01_set_rf_ch	24	static
nrf24l01.c:619:15:nrf24l01_get_observe_tx	16	static
nrf24l01.c:629:15:nrf24l01_get_plos_cnt	16	static
nrf24l01.c:641:6:nrf24l01_clear_plos_cnt	16	static
nrf24l01.c:652:6:nrf24l01_clear_plos_cnt_param	16	static
nrf24l01.c:658:15:nrf24l01_get_arc_cnt	16	static
nrf24l01.c:671:6:nrf24l01_aa_enabled	24	static
nrf24l01.c:686:6:nrf24l01_aa_enable	24	static
nrf24l01.c:706:6:nrf24l01_aa_disable	24	static
nrf24l01.c:727:6:nrf24l01_rx_pipe_enabled	24	static
nrf24l01.c:743:6:nrf24l01_rx_pipe_enable	24	static
nrf24l01.c:764:6:nrf24l01_rx_pipe_disable	24	static
nrf24l01.c:783:6:nrf24l01_cd_active	16	static
nrf24l01.c:793:15:nrf24l01_get_fifo_status	16	static
nrf24l01.c:803:15:nrf24l01_get_status	8	static
nrf24l01.c:809:6:nrf24l01_fifo_tx_reuse	16	static
nrf24l01.c:819:6:nrf24l01_fifo_tx_full	16	static
nrf24l01.c:829:6:nrf24l01_fifo_tx_empty	16	static
nrf24l01.c:839:6:nrf24l01_fifo_rx_full	16	static
nrf24l01.c:849:6:nrf24l01_fifo_rx_empty	16	static
nrf24l01.c:859:6:nrf24l01_irq_pin_active	16	static
nrf24l01.c:866:6:nrf24l01_irq_rx_dr_active	8	static
nrf24l01.c:872:6:nrf24l01_irq_tx_ds_active	8	static
nrf24l01.c:878:6:nrf24l01_irq_max_rt_active	8	static
nrf24l01.c:884:6:nrf24l01_irq_clear_rx_dr	16	static
nrf24l01.c:892:6:nrf24l01_irq_clear_tx_ds	16	static
nrf24l01.c:900:6:nrf24l01_irq_clear_max_rt	16	static
nrf24l01.c:908:15:nrf24l01_get_rx_pipe	8	static
nrf24l01.c:913:15:nrf24l01_get_rx_pipe_from_status	16	static
nrf24l01.c:919:6:nrf24l01_clear_flush	8	static
nrf24l01.c:927:6:nrf24l01_get_all_registers	40	static
nrf24l01.c:950:6:nrf24l01_transmit	16	static,ignoring_inline_asm
nrf24l01.c:963:6:nrf24l01_ce_pin_active	4	static
nrf24l01.c:969:6:nrf24l01_csn_pin_active	4	static
nrf24l01.c:982:15:nrf24l01_read_rx_payload	24	static
nrf24l01.c:994:6:nrf24l01_clear_ce	8	static
nrf24l01.c:1001:6:nrf24l01_set_ce	8	static
nrf24l01.c:1008:6:nrf24l01_clear_csn	8	static
nrf24l01.c:1015:6:nrf24l01_set_csn	8	static
