Archive member included to satisfy reference by file (symbol)

c:/st/stm32cubeide_1.1.0/stm32cubeide/plugins/com.st.stm32cube.ide.mcu.externaltools.gnu-tools-for-stm32.7-2018-q2-update.win32_1.0.0.201904181610/tools/bin/../lib/gcc/arm-none-eabi/7.3.1/../../../../arm-none-eabi/lib/thumb/v7-m\libc_nano.a(lib_a-errno.o)
                              Core/Src/syscalls.o (__errno)
c:/st/stm32cubeide_1.1.0/stm32cubeide/plugins/com.st.stm32cube.ide.mcu.externaltools.gnu-tools-for-stm32.7-2018-q2-update.win32_1.0.0.201904181610/tools/bin/../lib/gcc/arm-none-eabi/7.3.1/../../../../arm-none-eabi/lib/thumb/v7-m\libc_nano.a(lib_a-exit.o)
                              c:/st/stm32cubeide_1.1.0/stm32cubeide/plugins/com.st.stm32cube.ide.mcu.externaltools.gnu-tools-for-stm32.7-2018-q2-update.win32_1.0.0.201904181610/tools/bin/../lib/gcc/arm-none-eabi/7.3.1/../../../../arm-none-eabi/lib/thumb/v7-m/crt0.o (exit)
c:/st/stm32cubeide_1.1.0/stm32cubeide/plugins/com.st.stm32cube.ide.mcu.externaltools.gnu-tools-for-stm32.7-2018-q2-update.win32_1.0.0.201904181610/tools/bin/../lib/gcc/arm-none-eabi/7.3.1/../../../../arm-none-eabi/lib/thumb/v7-m\libc_nano.a(lib_a-impure.o)
                              c:/st/stm32cubeide_1.1.0/stm32cubeide/plugins/com.st.stm32cube.ide.mcu.externaltools.gnu-tools-for-stm32.7-2018-q2-update.win32_1.0.0.201904181610/tools/bin/../lib/gcc/arm-none-eabi/7.3.1/../../../../arm-none-eabi/lib/thumb/v7-m\libc_nano.a(lib_a-exit.o) (_global_impure_ptr)
c:/st/stm32cubeide_1.1.0/stm32cubeide/plugins/com.st.stm32cube.ide.mcu.externaltools.gnu-tools-for-stm32.7-2018-q2-update.win32_1.0.0.201904181610/tools/bin/../lib/gcc/arm-none-eabi/7.3.1/../../../../arm-none-eabi/lib/thumb/v7-m\libc_nano.a(lib_a-init.o)
                              c:/st/stm32cubeide_1.1.0/stm32cubeide/plugins/com.st.stm32cube.ide.mcu.externaltools.gnu-tools-for-stm32.7-2018-q2-update.win32_1.0.0.201904181610/tools/bin/../lib/gcc/arm-none-eabi/7.3.1/../../../../arm-none-eabi/lib/thumb/v7-m/crt0.o (__libc_init_array)
c:/st/stm32cubeide_1.1.0/stm32cubeide/plugins/com.st.stm32cube.ide.mcu.externaltools.gnu-tools-for-stm32.7-2018-q2-update.win32_1.0.0.201904181610/tools/bin/../lib/gcc/arm-none-eabi/7.3.1/../../../../arm-none-eabi/lib/thumb/v7-m\libc_nano.a(lib_a-memset.o)
                              c:/st/stm32cubeide_1.1.0/stm32cubeide/plugins/com.st.stm32cube.ide.mcu.externaltools.gnu-tools-for-stm32.7-2018-q2-update.win32_1.0.0.201904181610/tools/bin/../lib/gcc/arm-none-eabi/7.3.1/../../../../arm-none-eabi/lib/thumb/v7-m/crt0.o (memset)

Allocating common symbols
Common symbol       size              file

hspi2               0x58              Core/Src/main.o
uwTick              0x4               Drivers/STM32F1xx_HAL_Driver/Src/stm32f1xx_hal.o
pFlash              0x20              Drivers/STM32F1xx_HAL_Driver/Src/stm32f1xx_hal_flash.o

Discarded input sections

 .text          0x0000000000000000        0x0 c:/st/stm32cubeide_1.1.0/stm32cubeide/plugins/com.st.stm32cube.ide.mcu.externaltools.gnu-tools-for-stm32.7-2018-q2-update.win32_1.0.0.201904181610/tools/bin/../lib/gcc/arm-none-eabi/7.3.1/thumb/v7-m/crti.o
 .data          0x0000000000000000        0x0 c:/st/stm32cubeide_1.1.0/stm32cubeide/plugins/com.st.stm32cube.ide.mcu.externaltools.gnu-tools-for-stm32.7-2018-q2-update.win32_1.0.0.201904181610/tools/bin/../lib/gcc/arm-none-eabi/7.3.1/thumb/v7-m/crti.o
 .bss           0x0000000000000000        0x0 c:/st/stm32cubeide_1.1.0/stm32cubeide/plugins/com.st.stm32cube.ide.mcu.externaltools.gnu-tools-for-stm32.7-2018-q2-update.win32_1.0.0.201904181610/tools/bin/../lib/gcc/arm-none-eabi/7.3.1/thumb/v7-m/crti.o
 .data          0x0000000000000000        0x4 c:/st/stm32cubeide_1.1.0/stm32cubeide/plugins/com.st.stm32cube.ide.mcu.externaltools.gnu-tools-for-stm32.7-2018-q2-update.win32_1.0.0.201904181610/tools/bin/../lib/gcc/arm-none-eabi/7.3.1/thumb/v7-m/crtbegin.o
 .text          0x0000000000000000       0x74 c:/st/stm32cubeide_1.1.0/stm32cubeide/plugins/com.st.stm32cube.ide.mcu.externaltools.gnu-tools-for-stm32.7-2018-q2-update.win32_1.0.0.201904181610/tools/bin/../lib/gcc/arm-none-eabi/7.3.1/../../../../arm-none-eabi/lib/thumb/v7-m/crt0.o
 .data          0x0000000000000000        0x0 c:/st/stm32cubeide_1.1.0/stm32cubeide/plugins/com.st.stm32cube.ide.mcu.externaltools.gnu-tools-for-stm32.7-2018-q2-update.win32_1.0.0.201904181610/tools/bin/../lib/gcc/arm-none-eabi/7.3.1/../../../../arm-none-eabi/lib/thumb/v7-m/crt0.o
 .bss           0x0000000000000000        0x0 c:/st/stm32cubeide_1.1.0/stm32cubeide/plugins/com.st.stm32cube.ide.mcu.externaltools.gnu-tools-for-stm32.7-2018-q2-update.win32_1.0.0.201904181610/tools/bin/../lib/gcc/arm-none-eabi/7.3.1/../../../../arm-none-eabi/lib/thumb/v7-m/crt0.o
[...]
Memory Configuration

Name             Origin             Length             Attributes
RAM              0x0000000020000000 0x0000000000005000 xrw
FLASH            0x0000000008000000 0x0000000000010000 xr
*default*        0x0000000000000000 0xffffffffffffffff

Linker script and memory map

LOAD c:/st/stm32cubeide_1.1.0/stm32cubeide/plugins/com.st.stm32cube.ide.mcu.externaltools.gnu-tools-for-stm32.7-2018-q2-update.win32_1.0.0.201904181610/tools/bin/../lib/gcc/arm-none-eabi/7.3.1/thumb/v7-m/crti.o
LOAD c:/st/stm32cubeide_1.1.0/stm32cubeide/plugins/com.st.stm32cube.ide.mcu.externaltools.gnu-tools-for-stm32.7-2018-q2-update.win32_1.0.0.201904181610/tools/bin/../lib/gcc/arm-none-eabi/7.3.1/thumb/v7-m/crtbegin.o
LOAD c:/st/stm32cubeide_1.1.0/stm32cubeide/plugins/com.st.stm32cube.ide.mcu.externaltools.gnu-tools-for-stm32.7-2018-q2-update.win32_1.0.0.201904181610/tools/bin/../lib/gcc/arm-none-eabi/7.3.1/../../../../arm-none-eabi/lib/thumb/v7-m/crt0.o
LOAD Core/Src/main.o
LOAD Core/Src/nrf24l01.o
LOAD Core/Src/stm32f1xx_hal_msp.o
LOAD Core/Src/stm32f1xx_it.o
LOAD Core/Src/syscalls.o
LOAD Core/Src/sysmem.o
LOAD Core/Src/system_stm32f1xx.o
LOAD Core/Startup/startup_stm32f103c8tx.o
LOAD Drivers/STM32F1xx_HAL_Driver/Src/stm32f1xx_hal.o
LOAD Drivers/STM32F1xx_HAL_Driver/Src/stm32f1xx_hal_cortex.o
LOAD Drivers/STM32F1xx_HAL_Driver/Src/stm32f1xx_hal_dma.o
LOAD Drivers/STM32F1xx_HAL_Driver/Src/stm32f1xx_hal_exti.o
LOAD Drivers/STM32F1xx_HAL_Driver/Src/stm32f1xx_hal_flash.o
LOAD Drivers/STM32F1xx_HAL_Driver/Src/stm32f1xx_hal_flash_ex.o
LOAD Drivers/STM32F1xx_HAL_Driver/Src/stm32f1xx_hal_gpio.o
LOAD Drivers/STM32F1xx_HAL_Driver/Src/stm32f1xx_hal_gpio_ex.o
LOAD Drivers/STM32F1xx_HAL_Driver/Src/stm32f1xx_hal_pwr.o
LOAD Drivers/STM32F1xx_HAL_Driver/Src/stm32f1xx_hal_rcc.o
LOAD Drivers/STM32F1xx_HAL_Driver/Src/stm32f1xx_hal_rcc_ex.o
LOAD Drivers/STM32F1xx_HAL_Driver/Src/stm32f1xx_hal_spi.o
LOAD Drivers/STM32F1xx_HAL_Driver/Src/stm32f1xx_hal_tim.o
LOAD Drivers/STM32F1xx_HAL_Driver/Src/stm32f1xx_hal_tim_ex.o
START GROUP
LOAD c:/st/stm32cubeide_1.1.0/stm32cubeide/plugins/com.st.stm32cube.ide.mcu.externaltools.gnu-tools-for-stm32.7-2018-q2-update.win32_1.0.0.201904181610/tools/bin/../lib/gcc/arm-none-eabi/7.3.1/../../../../arm-none-eabi/lib/thumb/v7-m\libc_nano.a
LOAD c:/st/stm32cubeide_1.1.0/stm32cubeide/plugins/com.st.stm32cube.ide.mcu.externaltools.gnu-tools-for-stm32.7-2018-q2-update.win32_1.0.0.201904181610/tools/bin/../lib/gcc/arm-none-eabi/7.3.1/../../../../arm-none-eabi/lib/thumb/v7-m\libm.a
END GROUP
START GROUP
LOAD c:/st/stm32cubeide_1.1.0/stm32cubeide/plugins/com.st.stm32cube.ide.mcu.externaltools.gnu-tools-for-stm32.7-2018-q2-update.win32_1.0.0.201904181610/tools/bin/../lib/gcc/arm-none-eabi/7.3.1/thumb/v7-m\libgcc.a
LOAD c:/st/stm32cubeide_1.1.0/stm32cubeide/plugins/com.st.stm32cube.ide.mcu.externaltools.gnu-tools-for-stm32.7-2018-q2-update.win32_1.0.0.201904181610/tools/bin/../lib/gcc/arm-none-eabi/7.3.1/../../../../arm-none-eabi/lib/thumb/v7-m\libc_nano.a
END GROUP
START GROUP
LOAD c:/st/stm32cubeide_1.1.0/stm32cubeide/plugins/com.st.stm32cube.ide.mcu.externaltools.gnu-tools-for-stm32.7-2018-q2-update.win32_1.0.0.201904181610/tools/bin/../lib/gcc/arm-none-eabi/7.3.1/thumb/v7-m\libgcc.a
LOAD c:/st/stm32cubeide_1.1.0/stm32cubeide/plugins/com.st.stm32cube.ide.mcu.externaltools.gnu-tools-for-stm32.7-2018-q2-update.win32_1.0.0.201904181610/tools/bin/../lib/gcc/arm-none-eabi/7.3.1/../../../../arm-none-eabi/lib/thumb/v7-m\libc_nano.a
LOAD c:/st/stm32cubeide_1.1.0/stm32cubeide/plugins/com.st.stm32cube.ide.mcu.externaltools.gnu-tools-for-stm32.7-2018-q2-update.win32_1.0.0.201904181610/tools/bin/../lib/gcc/arm-none-eabi/7.3.1/../../../../arm-none-eabi/lib/thumb/v7-m\libnosys.a
END GROUP
START GROUP
LOAD c:/st/stm32cubeide_1.1.0/stm32cubeide/plugins/com.st.stm32cube.ide.mcu.externaltools.gnu-tools-for-stm32.7-2018-q2-update.win32_1.0.0.201904181610/tools/bin/../lib/gcc/arm-none-eabi/7.3.1/thumb/v7-m\libgcc.a
LOAD c:/st/stm32cubeide_1.1.0/stm32cubeide/plugins/com.st.stm32cube.ide.mcu.externaltools.gnu-tools-for-stm32.7-2018-q2-update.win32_1.0.0.201904181610/tools/bin/../lib/gcc/arm-none-eabi/7.3.1/../../../../arm-none-eabi/lib/thumb/v7-m\libc_nano.a
LOAD c:/st/stm32cubeide_1.1.0/stm32cubeide/plugins/com.st.stm32cube.ide.mcu.externaltools.gnu-tools-for-stm32.7-2018-q2-update.win32_1.0.0.201904181610/tools/bin/../lib/gcc/arm-none-eabi/7.3.1/../../../../arm-none-eabi/lib/thumb/v7-m\libnosys.a
END GROUP
LOAD c:/st/stm32cubeide_1.1.0/stm32cubeide/plugins/com.st.stm32cube.ide.mcu.externaltools.gnu-tools-for-stm32.7-2018-q2-update.win32_1.0.0.201904181610/tools/bin/../lib/gcc/arm-none-eabi/7.3.1/thumb/v7-m/crtend.o
LOAD c:/st/stm32cubeide_1.1.0/stm32cubeide/plugins/com.st.stm32cube.ide.mcu.externaltools.gnu-tools-for-stm32.7-2018-q2-update.win32_1.0.0.201904181610/tools/bin/../lib/gcc/arm-none-eabi/7.3.1/thumb/v7-m/crtn.o
                0x0000000020005000                _estack = (ORIGIN (RAM) + LENGTH (RAM))
                0x0000000000000200                _Min_Heap_Size = 0x200
                0x0000000000000400                _Min_Stack_Size = 0x400

.isr_vector     0x0000000008000000      0x10c
                0x0000000008000000                . = ALIGN (0x4)
 *(.isr_vector)
 .isr_vector    0x0000000008000000      0x10c Core/Startup/startup_stm32f103c8tx.o
                0x0000000008000000                g_pfnVectors
                0x000000000800010c                . = ALIGN (0x4)

.text           0x000000000800010c     0x1d80
                0x000000000800010c                . = ALIGN (0x4)
 *(.text)
 .text          0x000000000800010c       0x40 c:/st/stm32cubeide_1.1.0/stm32cubeide/plugins/com.st.stm32cube.ide.mcu.externaltools.gnu-tools-for-stm32.7-2018-q2-update.win32_1.0.0.201904181610/tools/bin/../lib/gcc/arm-none-eabi/7.3.1/thumb/v7-m/crtbegin.o
 *(.text*)
 .text.main     0x000000000800014c       0x6c Core/Src/main.o
                0x000000000800014c                main
 .text.SystemClock_Config
                0x00000000080001b8       0x8a Core/Src/main.o
                0x00000000080001b8                SystemClock_Config
 *fill*         0x0000000008000242        0x2 
 .text.MX_SPI2_Init
                0x0000000008000244       0x6c Core/Src/main.o
 .text.MX_GPIO_Init
                0x00000000080002b0       0xb0 Core/Src/main.o
 .text.Error_Handler
                0x0000000008000360        0xc Core/Src/main.o
                0x0000000008000360                Error_Handler
 .text.nrf24l01_initialize
                0x000000000800036c      0x21a Core/Src/nrf24l01.o
                0x000000000800036c                nrf24l01_initialize
 .text.nrf24l01_power_up_param
                0x0000000008000586       0x54 Core/Src/nrf24l01.o
                0x0000000008000586                nrf24l01_power_up_param
 .text.nrf24l01_power_down_param
                0x00000000080005da       0x2c Core/Src/nrf24l01.o
                0x00000000080005da                nrf24l01_power_down_param
 .text.nrf24l01_write_register
                0x0000000008000606       0x34 Core/Src/nrf24l01.o
                0x0000000008000606                nrf24l01_write_register
 .text.nrf24l01_set_tx_addr
                0x000000000800063a       0x1c Core/Src/nrf24l01.o
                0x000000000800063a                nrf24l01_set_tx_addr
 .text.nrf24l01_set_rx_addr
                0x0000000008000656       0x2e Core/Src/nrf24l01.o
                0x0000000008000656                nrf24l01_set_rx_addr
 .text.nrf24l01_irq_clear_all
                0x0000000008000684       0x1e Core/Src/nrf24l01.o
                0x0000000008000684                nrf24l01_irq_clear_all
 .text.nrf24l01_execute_command
                0x00000000080006a2       0x44 Core/Src/nrf24l01.o
                0x00000000080006a2                nrf24l01_execute_command
 *fill*         0x00000000080006e6        0x2 
 .text.nrf24l01_spi_send_read
                0x00000000080006e8       0x6c Core/Src/nrf24l01.o
                0x00000000080006e8                nrf24l01_spi_send_read
 .text.nrf24l01_initialize_debug
                0x0000000008000754       0x8c Core/Src/nrf24l01.o
                0x0000000008000754                nrf24l01_initialize_debug
 .text.nrf24l01_write_tx_payload
                0x00000000080007e0       0x32 Core/Src/nrf24l01.o
                0x00000000080007e0                nrf24l01_write_tx_payload
 .text.nrf24l01_flush_tx
                0x0000000008000812       0x16 Core/Src/nrf24l01.o
                0x0000000008000812                nrf24l01_flush_tx
 .text.nrf24l01_nop
                0x0000000008000828       0x16 Core/Src/nrf24l01.o
                0x0000000008000828                nrf24l01_nop
 .text.nrf24l01_get_status
                0x000000000800083e        0xe Core/Src/nrf24l01.o
                0x000000000800083e                nrf24l01_get_status
 .text.nrf24l01_irq_pin_active
                0x000000000800084c       0x2c Core/Src/nrf24l01.o
                0x000000000800084c                nrf24l01_irq_pin_active
 .text.nrf24l01_irq_tx_ds_active
                0x0000000008000878       0x14 Core/Src/nrf24l01.o
                0x0000000008000878                nrf24l01_irq_tx_ds_active
 .text.nrf24l01_transmit
                0x000000000800088c       0x2a Core/Src/nrf24l01.o
                0x000000000800088c                nrf24l01_transmit
 *fill*         0x00000000080008b6        0x2 
 .text.nrf24l01_clear_ce
                0x00000000080008b8       0x24 Core/Src/nrf24l01.o
                0x00000000080008b8                nrf24l01_clear_ce
 .text.nrf24l01_set_ce
                0x00000000080008dc       0x24 Core/Src/nrf24l01.o
                0x00000000080008dc                nrf24l01_set_ce
 .text.nrf24l01_clear_csn
                0x0000000008000900       0x24 Core/Src/nrf24l01.o
                0x0000000008000900                nrf24l01_clear_csn
 .text.nrf24l01_set_csn
                0x0000000008000924       0x24 Core/Src/nrf24l01.o
                0x0000000008000924                nrf24l01_set_csn
 .text.HAL_MspInit
                0x0000000008000948       0x64 Core/Src/stm32f1xx_hal_msp.o
                0x0000000008000948                HAL_MspInit
 .text.HAL_SPI_MspInit
                0x00000000080009ac       0x98 Core/Src/stm32f1xx_hal_msp.o
                0x00000000080009ac                HAL_SPI_MspInit
 .text.NMI_Handler
                0x0000000008000a44        0xc Core/Src/stm32f1xx_it.o
                0x0000000008000a44                NMI_Handler
 .text.HardFault_Handler
                0x0000000008000a50        0x6 Core/Src/stm32f1xx_it.o
                0x0000000008000a50                HardFault_Handler
 .text.MemManage_Handler
                0x0000000008000a56        0x6 Core/Src/stm32f1xx_it.o
                0x0000000008000a56                MemManage_Handler
 .text.BusFault_Handler
                0x0000000008000a5c        0x6 Core/Src/stm32f1xx_it.o
                0x0000000008000a5c                BusFault_Handler
 .text.UsageFault_Handler
                0x0000000008000a62        0x6 Core/Src/stm32f1xx_it.o
                0x0000000008000a62                UsageFault_Handler
 .text.SVC_Handler
                0x0000000008000a68        0xc Core/Src/stm32f1xx_it.o
                0x0000000008000a68                SVC_Handler
 .text.DebugMon_Handler
                0x0000000008000a74        0xc Core/Src/stm32f1xx_it.o
                0x0000000008000a74                DebugMon_Handler
 .text.PendSV_Handler
                0x0000000008000a80        0xc Core/Src/stm32f1xx_it.o
                0x0000000008000a80                PendSV_Handler
 .text.SysTick_Handler
                0x0000000008000a8c        0xc Core/Src/stm32f1xx_it.o
                0x0000000008000a8c                SysTick_Handler
 .text.SystemInit
                0x0000000008000a98       0x68 Core/Src/system_stm32f1xx.o
                0x0000000008000a98                SystemInit
 .text.Reset_Handler
                0x0000000008000b00       0x48 Core/Startup/startup_stm32f103c8tx.o
                0x0000000008000b00                Reset_Handler
 .text.Default_Handler
                0x0000000008000b48        0x2 Core/Startup/startup_stm32f103c8tx.o
                0x0000000008000b48                RTC_Alarm_IRQHandler
                0x0000000008000b48                EXTI2_IRQHandler
                0x0000000008000b48                TIM1_CC_IRQHandler
                0x0000000008000b48                PVD_IRQHandler
                0x0000000008000b48                EXTI3_IRQHandler
                0x0000000008000b48                EXTI0_IRQHandler
                0x0000000008000b48                I2C2_EV_IRQHandler
                0x0000000008000b48                ADC1_2_IRQHandler
                0x0000000008000b48                SPI1_IRQHandler
                0x0000000008000b48                TAMPER_IRQHandler
                0x0000000008000b48                DMA1_Channel4_IRQHandler
                0x0000000008000b48                USART3_IRQHandler
                0x0000000008000b48                RTC_IRQHandler
                0x0000000008000b48                DMA1_Channel7_IRQHandler
                0x0000000008000b48                CAN1_RX1_IRQHandler
                0x0000000008000b48                TIM4_IRQHandler
                0x0000000008000b48                I2C1_EV_IRQHandler
                0x0000000008000b48                DMA1_Channel6_IRQHandler
                0x0000000008000b48                TIM3_IRQHandler
                0x0000000008000b48                RCC_IRQHandler
                0x0000000008000b48                TIM1_TRG_COM_IRQHandler
                0x0000000008000b48                DMA1_Channel1_IRQHandler
                0x0000000008000b48                Default_Handler
                0x0000000008000b48                EXTI15_10_IRQHandler
                0x0000000008000b48                EXTI9_5_IRQHandler
                0x0000000008000b48                SPI2_IRQHandler
                0x0000000008000b48                DMA1_Channel5_IRQHandler
                0x0000000008000b48                EXTI4_IRQHandler
                0x0000000008000b48                USB_LP_CAN1_RX0_IRQHandler
                0x0000000008000b48                USB_HP_CAN1_TX_IRQHandler
                0x0000000008000b48                DMA1_Channel3_IRQHandler
                0x0000000008000b48                TIM1_UP_IRQHandler
                0x0000000008000b48                WWDG_IRQHandler
                0x0000000008000b48                TIM2_IRQHandler
                0x0000000008000b48                TIM1_BRK_IRQHandler
                0x0000000008000b48                EXTI1_IRQHandler
                0x0000000008000b48                USART2_IRQHandler
                0x0000000008000b48                I2C2_ER_IRQHandler
                0x0000000008000b48                DMA1_Channel2_IRQHandler
                0x0000000008000b48                CAN1_SCE_IRQHandler
                0x0000000008000b48                FLASH_IRQHandler
                0x0000000008000b48                USART1_IRQHandler
                0x0000000008000b48                I2C1_ER_IRQHandler
                0x0000000008000b48                USBWakeUp_IRQHandler
 *fill*         0x0000000008000b4a        0x2 
 .text.HAL_Init
                0x0000000008000b4c       0x2c Drivers/STM32F1xx_HAL_Driver/Src/stm32f1xx_hal.o
                0x0000000008000b4c                HAL_Init
 .text.HAL_InitTick
                0x0000000008000b78       0x60 Drivers/STM32F1xx_HAL_Driver/Src/stm32f1xx_hal.o
                0x0000000008000b78                HAL_InitTick
 .text.HAL_IncTick
                0x0000000008000bd8       0x24 Drivers/STM32F1xx_HAL_Driver/Src/stm32f1xx_hal.o
                0x0000000008000bd8                HAL_IncTick
 .text.HAL_GetTick
                0x0000000008000bfc       0x14 Drivers/STM32F1xx_HAL_Driver/Src/stm32f1xx_hal.o
                0x0000000008000bfc                HAL_GetTick
 .text.HAL_Delay
                0x0000000008000c10       0x44 Drivers/STM32F1xx_HAL_Driver/Src/stm32f1xx_hal.o
                0x0000000008000c10                HAL_Delay
 .text.__NVIC_SetPriorityGrouping
                0x0000000008000c54       0x48 Drivers/STM32F1xx_HAL_Driver/Src/stm32f1xx_hal_cortex.o
 .text.__NVIC_GetPriorityGrouping
                0x0000000008000c9c       0x1c Drivers/STM32F1xx_HAL_Driver/Src/stm32f1xx_hal_cortex.o
 .text.__NVIC_SetPriority
                0x0000000008000cb8       0x54 Drivers/STM32F1xx_HAL_Driver/Src/stm32f1xx_hal_cortex.o
 .text.NVIC_EncodePriority
                0x0000000008000d0c       0x64 Drivers/STM32F1xx_HAL_Driver/Src/stm32f1xx_hal_cortex.o
 .text.SysTick_Config
                0x0000000008000d70       0x44 Drivers/STM32F1xx_HAL_Driver/Src/stm32f1xx_hal_cortex.o
 .text.HAL_NVIC_SetPriorityGrouping
                0x0000000008000db4       0x16 Drivers/STM32F1xx_HAL_Driver/Src/stm32f1xx_hal_cortex.o
                0x0000000008000db4                HAL_NVIC_SetPriorityGrouping
 .text.HAL_NVIC_SetPriority
                0x0000000008000dca       0x38 Drivers/STM32F1xx_HAL_Driver/Src/stm32f1xx_hal_cortex.o
                0x0000000008000dca                HAL_NVIC_SetPriority
 .text.HAL_SYSTICK_Config
                0x0000000008000e02       0x18 Drivers/STM32F1xx_HAL_Driver/Src/stm32f1xx_hal_cortex.o
                0x0000000008000e02                HAL_SYSTICK_Config
 *fill*         0x0000000008000e1a        0x2 
 .text.HAL_GPIO_Init
                0x0000000008000e1c      0x2b4 Drivers/STM32F1xx_HAL_Driver/Src/stm32f1xx_hal_gpio.o
                0x0000000008000e1c                HAL_GPIO_Init
 .text.HAL_GPIO_ReadPin
                0x00000000080010d0       0x2e Drivers/STM32F1xx_HAL_Driver/Src/stm32f1xx_hal_gpio.o
                0x00000000080010d0                HAL_GPIO_ReadPin
 .text.HAL_GPIO_WritePin
                0x00000000080010fe       0x30 Drivers/STM32F1xx_HAL_Driver/Src/stm32f1xx_hal_gpio.o
                0x00000000080010fe                HAL_GPIO_WritePin
 *fill*         0x000000000800112e        0x2 
 .text.HAL_RCC_OscConfig
                0x0000000008001130      0x500 Drivers/STM32F1xx_HAL_Driver/Src/stm32f1xx_hal_rcc.o
                0x0000000008001130                HAL_RCC_OscConfig
 .text.HAL_RCC_ClockConfig
                0x0000000008001630      0x1d4 Drivers/STM32F1xx_HAL_Driver/Src/stm32f1xx_hal_rcc.o
                0x0000000008001630                HAL_RCC_ClockConfig
 .text.HAL_RCC_GetSysClockFreq
                0x0000000008001804       0xc4 Drivers/STM32F1xx_HAL_Driver/Src/stm32f1xx_hal_rcc.o
                0x0000000008001804                HAL_RCC_GetSysClockFreq
 .text.RCC_Delay
                0x00000000080018c8       0x3c Drivers/STM32F1xx_HAL_Driver/Src/stm32f1xx_hal_rcc.o
 .text.HAL_SPI_Init
                0x0000000008001904       0xc2 Drivers/STM32F1xx_HAL_Driver/Src/stm32f1xx_hal_spi.o
                0x0000000008001904                HAL_SPI_Init
 .text.HAL_SPI_TransmitReceive
                0x00000000080019c6      0x344 Drivers/STM32F1xx_HAL_Driver/Src/stm32f1xx_hal_spi.o
                0x00000000080019c6                HAL_SPI_TransmitReceive
 .text.SPI_WaitFlagStateUntilTimeout
                0x0000000008001d0a       0xd4 Drivers/STM32F1xx_HAL_Driver/Src/stm32f1xx_hal_spi.o
 .text.SPI_EndRxTxTransaction
                0x0000000008001dde       0x3c Drivers/STM32F1xx_HAL_Driver/Src/stm32f1xx_hal_spi.o
 *fill*         0x0000000008001e1a        0x2 
 .text.__libc_init_array
                0x0000000008001e1c       0x48 c:/st/stm32cubeide_1.1.0/stm32cubeide/plugins/com.st.stm32cube.ide.mcu.externaltools.gnu-tools-for-stm32.7-2018-q2-update.win32_1.0.0.201904181610/tools/bin/../lib/gcc/arm-none-eabi/7.3.1/../../../../arm-none-eabi/lib/thumb/v7-m\libc_nano.a(lib_a-init.o)
                0x0000000008001e1c                __libc_init_array
 .text.memset   0x0000000008001e64       0x10 c:/st/stm32cubeide_1.1.0/stm32cubeide/plugins/com.st.stm32cube.ide.mcu.externaltools.gnu-tools-for-stm32.7-2018-q2-update.win32_1.0.0.201904181610/tools/bin/../lib/gcc/arm-none-eabi/7.3.1/../../../../arm-none-eabi/lib/thumb/v7-m\libc_nano.a(lib_a-memset.o)
                0x0000000008001e64                memset
 *(.glue_7)
 .glue_7        0x0000000008001e74        0x0 linker stubs
 *(.glue_7t)
 .glue_7t       0x0000000008001e74        0x0 linker stubs
 *(.eh_frame)
 .eh_frame      0x0000000008001e74        0x0 c:/st/stm32cubeide_1.1.0/stm32cubeide/plugins/com.st.stm32cube.ide.mcu.externaltools.gnu-tools-for-stm32.7-2018-q2-update.win32_1.0.0.201904181610/tools/bin/../lib/gcc/arm-none-eabi/7.3.1/thumb/v7-m/crtbegin.o
 *(.init)
 .init          0x0000000008001e74        0x4 c:/st/stm32cubeide_1.1.0/stm32cubeide/plugins/com.st.stm32cube.ide.mcu.externaltools.gnu-tools-for-stm32.7-2018-q2-update.win32_1.0.0.201904181610/tools/bin/../lib/gcc/arm-none-eabi/7.3.1/thumb/v7-m/crti.o
                0x0000000008001e74                _init
 .init          0x0000000008001e78        0x8 c:/st/stm32cubeide_1.1.0/stm32cubeide/plugins/com.st.stm32cube.ide.mcu.externaltools.gnu-tools-for-stm32.7-2018-q2-update.win32_1.0.0.201904181610/tools/bin/../lib/gcc/arm-none-eabi/7.3.1/thumb/v7-m/crtn.o
 *(.fini)
 .fini          0x0000000008001e80        0x4 c:/st/stm32cubeide_1.1.0/stm32cubeide/plugins/com.st.stm32cube.ide.mcu.externaltools.gnu-tools-for-stm32.7-2018-q2-update.win32_1.0.0.201904181610/tools/bin/../lib/gcc/arm-none-eabi/7.3.1/thumb/v7-m/crti.o
                0x0000000008001e80                _fini
 .fini          0x0000000008001e84        0x8 c:/st/stm32cubeide_1.1.0/stm32cubeide/plugins/com.st.stm32cube.ide.mcu.externaltools.gnu-tools-for-stm32.7-2018-q2-update.win32_1.0.0.201904181610/tools/bin/../lib/gcc/arm-none-eabi/7.3.1/thumb/v7-m/crtn.o
                0x0000000008001e8c                . = ALIGN (0x4)
                0x0000000008001e8c                _etext = .

.vfp11_veneer   0x0000000008001e8c        0x0
 .vfp11_veneer  0x0000000008001e8c        0x0 linker stubs

.v4_bx          0x0000000008001e8c        0x0
 .v4_bx         0x0000000008001e8c        0x0 linker stubs

.iplt           0x0000000008001e8c        0x0
 .iplt          0x0000000008001e8c        0x0 c:/st/stm32cubeide_1.1.0/stm32cubeide/plugins/com.st.stm32cube.ide.mcu.externaltools.gnu-tools-for-stm32.7-2018-q2-update.win32_1.0.0.201904181610/tools/bin/../lib/gcc/arm-none-eabi/7.3.1/thumb/v7-m/crtbegin.o

.rodata         0x0000000008001e8c       0x24
                0x0000000008001e8c                . = ALIGN (0x4)
 *(.rodata)
 .rodata        0x0000000008001e8c       0x12 Drivers/STM32F1xx_HAL_Driver/Src/stm32f1xx_hal_rcc.o
 *(.rodata*)
 *fill*         0x0000000008001e9e        0x2 
 .rodata.AHBPrescTable
                0x0000000008001ea0       0x10 Core/Src/system_stm32f1xx.o
                0x0000000008001ea0                AHBPrescTable
                0x0000000008001eb0                . = ALIGN (0x4)

.rel.dyn        0x0000000008001eb0        0x0
 .rel.iplt      0x0000000008001eb0        0x0 c:/st/stm32cubeide_1.1.0/stm32cubeide/plugins/com.st.stm32cube.ide.mcu.externaltools.gnu-tools-for-stm32.7-2018-q2-update.win32_1.0.0.201904181610/tools/bin/../lib/gcc/arm-none-eabi/7.3.1/thumb/v7-m/crtbegin.o

.ARM.extab      0x0000000008001eb0        0x0
                0x0000000008001eb0                . = ALIGN (0x4)
 *(.ARM.extab* .gnu.linkonce.armextab.*)
                0x0000000008001eb0                . = ALIGN (0x4)

.ARM            0x0000000008001eb0        0x0
                0x0000000008001eb0                . = ALIGN (0x4)
                0x0000000008001eb0                __exidx_start = .
 *(.ARM.exidx*)
                0x0000000008001eb0                __exidx_end = .
                0x0000000008001eb0                . = ALIGN (0x4)

.preinit_array  0x0000000008001eb0        0x0
                0x0000000008001eb0                . = ALIGN (0x4)
                0x0000000008001eb0                PROVIDE (__preinit_array_start = .)
 *(.preinit_array*)
                0x0000000008001eb0                PROVIDE (__preinit_array_end = .)
                0x0000000008001eb0                . = ALIGN (0x4)

.init_array     0x0000000008001eb0        0x4
                0x0000000008001eb0                . = ALIGN (0x4)
                0x0000000008001eb0                PROVIDE (__init_array_start = .)
 *(SORT_BY_NAME(.init_array.*))
 *(.init_array*)
 .init_array    0x0000000008001eb0        0x4 c:/st/stm32cubeide_1.1.0/stm32cubeide/plugins/com.st.stm32cube.ide.mcu.externaltools.gnu-tools-for-stm32.7-2018-q2-update.win32_1.0.0.201904181610/tools/bin/../lib/gcc/arm-none-eabi/7.3.1/thumb/v7-m/crtbegin.o
                0x0000000008001eb4                PROVIDE (__init_array_end = .)
                0x0000000008001eb4                . = ALIGN (0x4)

.fini_array     0x0000000008001eb4        0x4
                0x0000000008001eb4                . = ALIGN (0x4)
                [!provide]                        PROVIDE (__fini_array_start = .)
 *(SORT_BY_NAME(.fini_array.*))
 *(.fini_array*)
 .fini_array    0x0000000008001eb4        0x4 c:/st/stm32cubeide_1.1.0/stm32cubeide/plugins/com.st.stm32cube.ide.mcu.externaltools.gnu-tools-for-stm32.7-2018-q2-update.win32_1.0.0.201904181610/tools/bin/../lib/gcc/arm-none-eabi/7.3.1/thumb/v7-m/crtbegin.o
                [!provide]                        PROVIDE (__fini_array_end = .)
                0x0000000008001eb8                . = ALIGN (0x4)
                0x0000000008001eb8                _sidata = LOADADDR (.data)

.data           0x0000000020000000        0xc load address 0x0000000008001eb8
                0x0000000020000000                . = ALIGN (0x4)
                0x0000000020000000                _sdata = .
 *(.data)
 *(.data*)
 .data.SystemCoreClock
                0x0000000020000000        0x4 Core/Src/system_stm32f1xx.o
                0x0000000020000000                SystemCoreClock
 .data.uwTickPrio
                0x0000000020000004        0x4 Drivers/STM32F1xx_HAL_Driver/Src/stm32f1xx_hal.o
                0x0000000020000004                uwTickPrio
 .data.uwTickFreq
                0x0000000020000008        0x1 Drivers/STM32F1xx_HAL_Driver/Src/stm32f1xx_hal.o
                0x0000000020000008                uwTickFreq
                0x000000002000000c                . = ALIGN (0x4)
 *fill*         0x0000000020000009        0x3 
                0x000000002000000c                _edata = .

.igot.plt       0x000000002000000c        0x0 load address 0x0000000008001ec4
 .igot.plt      0x000000002000000c        0x0 c:/st/stm32cubeide_1.1.0/stm32cubeide/plugins/com.st.stm32cube.ide.mcu.externaltools.gnu-tools-for-stm32.7-2018-q2-update.win32_1.0.0.201904181610/tools/bin/../lib/gcc/arm-none-eabi/7.3.1/thumb/v7-m/crtbegin.o
                0x000000002000000c                . = ALIGN (0x4)

.bss            0x000000002000000c       0x7c load address 0x0000000008001ec4
                0x000000002000000c                _sbss = .
                0x000000002000000c                __bss_start__ = _sbss
 *(.bss)
 .bss           0x000000002000000c       0x1c c:/st/stm32cubeide_1.1.0/stm32cubeide/plugins/com.st.stm32cube.ide.mcu.externaltools.gnu-tools-for-stm32.7-2018-q2-update.win32_1.0.0.201904181610/tools/bin/../lib/gcc/arm-none-eabi/7.3.1/thumb/v7-m/crtbegin.o
 *(.bss*)
 .bss.csn_active
                0x0000000020000028        0x1 Core/Src/nrf24l01.o
 .bss.ce_active
                0x0000000020000029        0x1 Core/Src/nrf24l01.o
 *(COMMON)
 *fill*         0x000000002000002a        0x2 
 COMMON         0x000000002000002c       0x58 Core/Src/main.o
                0x000000002000002c                hspi2
 COMMON         0x0000000020000084        0x4 Drivers/STM32F1xx_HAL_Driver/Src/stm32f1xx_hal.o
                0x0000000020000084                uwTick
                0x0000000020000088                . = ALIGN (0x4)
                0x0000000020000088                _ebss = .
                0x0000000020000088                __bss_end__ = _ebss

._user_heap_stack
                0x0000000020000088      0x600 load address 0x0000000008001ec4
                0x0000000020000088                . = ALIGN (0x8)
                0x0000000020000088                PROVIDE (end = .)
                [!provide]                        PROVIDE (_end = .)
                0x0000000020000288                . = (. + _Min_Heap_Size)
 *fill*         0x0000000020000088      0x200 
                0x0000000020000688                . = (. + _Min_Stack_Size)
 *fill*         0x0000000020000288      0x400 
                0x0000000020000688                . = ALIGN (0x8)

/DISCARD/
 libc.a(*)
 libm.a(*)
 libgcc.a(*)

.ARM.attributes
                0x0000000000000000       0x29
 *(.ARM.attributes)
 .ARM.attributes
                0x0000000000000000       0x1d c:/st/stm32cubeide_1.1.0/stm32cubeide/plugins/com.st.stm32cube.ide.mcu.externaltools.gnu-tools-for-stm32.7-2018-q2-update.win32_1.0.0.201904181610/tools/bin/../lib/gcc/arm-none-eabi/7.3.1/thumb/v7-m/crti.o
 .ARM.attributes
                0x000000000000001d       0x2d c:/st/stm32cubeide_1.1.0/stm32cubeide/plugins/com.st.stm32cube.ide.mcu.externaltools.gnu-tools-for-stm32.7-2018-q2-update.win32_1.0.0.201904181610/tools/bin/../lib/gcc/arm-none-eabi/7.3.1/thumb/v7-m/crtbegin.o
 .ARM.attributes
                0x000000000000004a       0x33 Core/Src/main.o
 .ARM.attributes
                0x000000000000007d       0x33 Core/Src/nrf24l01.o
 .ARM.attributes
                0x00000000000000b0       0x33 Core/Src/stm32f1xx_hal_msp.o
 .ARM.attributes
                0x00000000000000e3       0x33 Core/Src/stm32f1xx_it.o
 .ARM.attributes
                0x0000000000000116       0x33 Core/Src/system_stm32f1xx.o
 .ARM.attributes
                0x0000000000000149       0x21 Core/Startup/startup_stm32f103c8tx.o
 .ARM.attributes
                0x000000000000016a       0x33 Drivers/STM32F1xx_HAL_Driver/Src/stm32f1xx_hal.o
 .ARM.attributes
                0x000000000000019d       0x33 Drivers/STM32F1xx_HAL_Driver/Src/stm32f1xx_hal_cortex.o
 .ARM.attributes
                0x00000000000001d0       0x33 Drivers/STM32F1xx_HAL_Driver/Src/stm32f1xx_hal_gpio.o
 .ARM.attributes
                0x0000000000000203       0x33 Drivers/STM32F1xx_HAL_Driver/Src/stm32f1xx_hal_rcc.o
 .ARM.attributes
                0x0000000000000236       0x33 Drivers/STM32F1xx_HAL_Driver/Src/stm32f1xx_hal_spi.o
 .ARM.attributes
                0x0000000000000269       0x2d c:/st/stm32cubeide_1.1.0/stm32cubeide/plugins/com.st.stm32cube.ide.mcu.externaltools.gnu-tools-for-stm32.7-2018-q2-update.win32_1.0.0.201904181610/tools/bin/../lib/gcc/arm-none-eabi/7.3.1/../../../../arm-none-eabi/lib/thumb/v7-m\libc_nano.a(lib_a-init.o)
 .ARM.attributes
                0x0000000000000296       0x2d c:/st/stm32cubeide_1.1.0/stm32cubeide/plugins/com.st.stm32cube.ide.mcu.externaltools.gnu-tools-for-stm32.7-2018-q2-update.win32_1.0.0.201904181610/tools/bin/../lib/gcc/arm-none-eabi/7.3.1/../../../../arm-none-eabi/lib/thumb/v7-m\libc_nano.a(lib_a-memset.o)
 .ARM.attributes
                0x00000000000002c3       0x1d c:/st/stm32cubeide_1.1.0/stm32cubeide/plugins/com.st.stm32cube.ide.mcu.externaltools.gnu-tools-for-stm32.7-2018-q2-update.win32_1.0.0.201904181610/tools/bin/../lib/gcc/arm-none-eabi/7.3.1/thumb/v7-m/crtn.o
OUTPUT(BluePillDemo_SPI_2.4GHZ_Radio_Tx.elf elf32-littlearm)

.debug_info     0x0000000000000000     0x622e
 .debug_info    0x0000000000000000      0x999 Core/Src/main.o
 .debug_info    0x0000000000000999     0x13bc Core/Src/nrf24l01.o
 .debug_info    0x0000000000001d55      0x887 Core/Src/stm32f1xx_hal_msp.o
 .debug_info    0x00000000000025dc      0x1fa Core/Src/stm32f1xx_it.o
 .debug_info    0x00000000000027d6      0x433 Core/Src/system_stm32f1xx.o
 .debug_info    0x0000000000002c09       0x22 Core/Startup/startup_stm32f103c8tx.o
 .debug_info    0x0000000000002c2b      0x6fe Drivers/STM32F1xx_HAL_Driver/Src/stm32f1xx_hal.o
 .debug_info    0x0000000000003329      0xb46 Drivers/STM32F1xx_HAL_Driver/Src/stm32f1xx_hal_cortex.o
 .debug_info    0x0000000000003e6f      0x681 Drivers/STM32F1xx_HAL_Driver/Src/stm32f1xx_hal_gpio.o
 .debug_info    0x00000000000044f0      0x804 Drivers/STM32F1xx_HAL_Driver/Src/stm32f1xx_hal_rcc.o
 .debug_info    0x0000000000004cf4     0x153a Drivers/STM32F1xx_HAL_Driver/Src/stm32f1xx_hal_spi.o

.debug_abbrev   0x0000000000000000     0x12e4
 .debug_abbrev  0x0000000000000000      0x1d6 Core/Src/main.o
 .debug_abbrev  0x00000000000001d6      0x286 Core/Src/nrf24l01.o
 .debug_abbrev  0x000000000000045c      0x18c Core/Src/stm32f1xx_hal_msp.o
 .debug_abbrev  0x00000000000005e8       0xc6 Core/Src/stm32f1xx_it.o
 .debug_abbrev  0x00000000000006ae      0x134 Core/Src/system_stm32f1xx.o
 .debug_abbrev  0x00000000000007e2       0x12 Core/Startup/startup_stm32f103c8tx.o
 .debug_abbrev  0x00000000000007f4      0x1d8 Drivers/STM32F1xx_HAL_Driver/Src/stm32f1xx_hal.o
 .debug_abbrev  0x00000000000009cc      0x2d5 Drivers/STM32F1xx_HAL_Driver/Src/stm32f1xx_hal_cortex.o
 .debug_abbrev  0x0000000000000ca1      0x1c0 Drivers/STM32F1xx_HAL_Driver/Src/stm32f1xx_hal_gpio.o
 .debug_abbrev  0x0000000000000e61      0x243 Drivers/STM32F1xx_HAL_Driver/Src/stm32f1xx_hal_rcc.o
 .debug_abbrev  0x00000000000010a4      0x240 Drivers/STM32F1xx_HAL_Driver/Src/stm32f1xx_hal_spi.o

.debug_aranges  0x0000000000000000      0x7f8
 .debug_aranges
                0x0000000000000000       0x40 Core/Src/main.o
 .debug_aranges
                0x0000000000000040      0x240 Core/Src/nrf24l01.o
 .debug_aranges
                0x0000000000000280       0x30 Core/Src/stm32f1xx_hal_msp.o
 .debug_aranges
                0x00000000000002b0       0x60 Core/Src/stm32f1xx_it.o
 .debug_aranges
                0x0000000000000310       0x28 Core/Src/system_stm32f1xx.o
 .debug_aranges
                0x0000000000000338       0x28 Core/Startup/startup_stm32f103c8tx.o
 .debug_aranges
                0x0000000000000360       0xe0 Drivers/STM32F1xx_HAL_Driver/Src/stm32f1xx_hal.o
 .debug_aranges
                0x0000000000000440      0x100 Drivers/STM32F1xx_HAL_Driver/Src/stm32f1xx_hal_cortex.o
 .debug_aranges
                0x0000000000000540       0x58 Drivers/STM32F1xx_HAL_Driver/Src/stm32f1xx_hal_gpio.o
 .debug_aranges
                0x0000000000000598       0x90 Drivers/STM32F1xx_HAL_Driver/Src/stm32f1xx_hal_rcc.o
 .debug_aranges
                0x0000000000000628      0x1d0 Drivers/STM32F1xx_HAL_Driver/Src/stm32f1xx_hal_spi.o

.debug_ranges   0x0000000000000000      0x750
 .debug_ranges  0x0000000000000000       0x30 Core/Src/main.o
 .debug_ranges  0x0000000000000030      0x230 Core/Src/nrf24l01.o
 .debug_ranges  0x0000000000000260       0x20 Core/Src/stm32f1xx_hal_msp.o
 .debug_ranges  0x0000000000000280       0x50 Core/Src/stm32f1xx_it.o
 .debug_ranges  0x00000000000002d0       0x18 Core/Src/system_stm32f1xx.o
 .debug_ranges  0x00000000000002e8       0x20 Core/Startup/startup_stm32f103c8tx.o
 .debug_ranges  0x0000000000000308       0xd0 Drivers/STM32F1xx_HAL_Driver/Src/stm32f1xx_hal.o
 .debug_ranges  0x00000000000003d8       0xf0 Drivers/STM32F1xx_HAL_Driver/Src/stm32f1xx_hal_cortex.o
 .debug_ranges  0x00000000000004c8       0x48 Drivers/STM32F1xx_HAL_Driver/Src/stm32f1xx_hal_gpio.o
 .debug_ranges  0x0000000000000510       0x80 Drivers/STM32F1xx_HAL_Driver/Src/stm32f1xx_hal_rcc.o
 .debug_ranges  0x0000000000000590      0x1c0 Drivers/STM32F1xx_HAL_Driver/Src/stm32f1xx_hal_spi.o

.debug_macro    0x0000000000000000    0x12df3
 .debug_macro   0x0000000000000000      0x1a2 Core/Src/main.o
 .debug_macro   0x00000000000001a2      0xa5a Core/Src/main.o
 .debug_macro   0x0000000000000bfc      0x215 Core/Src/main.o
 .debug_macro   0x0000000000000e11       0x2e Core/Src/main.o
 .debug_macro   0x0000000000000e3f       0x22 Core/Src/main.o
 .debug_macro   0x0000000000000e61       0x22 Core/Src/main.o
 .debug_macro   0x0000000000000e83       0x8e Core/Src/main.o
 .debug_macro   0x0000000000000f11       0x51 Core/Src/main.o
 .debug_macro   0x0000000000000f62       0xef Core/Src/main.o
 .debug_macro   0x0000000000001051       0x6a Core/Src/main.o
 .debug_macro   0x00000000000010bb      0x1df Core/Src/main.o
 .debug_macro   0x000000000000129a       0x1c Core/Src/main.o
 .debug_macro   0x00000000000012b6       0x22 Core/Src/main.o
 .debug_macro   0x00000000000012d8       0xc3 Core/Src/main.o
 .debug_macro   0x000000000000139b      0xd23 Core/Src/main.o
 .debug_macro   0x00000000000020be     0xe09e Core/Src/main.o
 .debug_macro   0x000000000001015c       0x43 Core/Src/main.o
 .debug_macro   0x000000000001019f      0x174 Core/Src/main.o
 .debug_macro   0x0000000000010313       0x5a Core/Src/main.o
 .debug_macro   0x000000000001036d      0x5be Core/Src/main.o
 .debug_macro   0x000000000001092b      0x289 Core/Src/main.o
 .debug_macro   0x0000000000010bb4      0x1cb Core/Src/main.o
 .debug_macro   0x0000000000010d7f      0x114 Core/Src/main.o
 .debug_macro   0x0000000000010e93      0x1b2 Core/Src/main.o
 .debug_macro   0x0000000000011045       0x27 Core/Src/main.o
 .debug_macro   0x000000000001106c      0x136 Core/Src/main.o
 .debug_macro   0x00000000000111a2      0x1bc Core/Src/main.o
 .debug_macro   0x000000000001135e       0x34 Core/Src/main.o
 .debug_macro   0x0000000000011392       0x3c Core/Src/main.o
 .debug_macro   0x00000000000113ce       0x57 Core/Src/main.o
 .debug_macro   0x0000000000011425       0x88 Core/Src/main.o
 .debug_macro   0x00000000000114ad      0x241 Core/Src/main.o
 .debug_macro   0x00000000000116ee      0x141 Core/Src/main.o
 .debug_macro   0x000000000001182f      0x217 Core/Src/main.o
 .debug_macro   0x0000000000011a46       0x83 Core/Src/main.o
 .debug_macro   0x0000000000011ac9      0x49d Core/Src/main.o
 .debug_macro   0x0000000000011f66      0x198 Core/Src/nrf24l01.o
 .debug_macro   0x00000000000120fe      0x18f Core/Src/stm32f1xx_hal_msp.o
 .debug_macro   0x000000000001228d      0x199 Core/Src/stm32f1xx_it.o
 .debug_macro   0x0000000000012426      0x18b Core/Src/system_stm32f1xx.o
 .debug_macro   0x00000000000125b1      0x1a9 Drivers/STM32F1xx_HAL_Driver/Src/stm32f1xx_hal.o
 .debug_macro   0x000000000001275a      0x185 Drivers/STM32F1xx_HAL_Driver/Src/stm32f1xx_hal_cortex.o
 .debug_macro   0x00000000000128df      0x1f0 Drivers/STM32F1xx_HAL_Driver/Src/stm32f1xx_hal_gpio.o
 .debug_macro   0x0000000000012acf      0x197 Drivers/STM32F1xx_HAL_Driver/Src/stm32f1xx_hal_rcc.o
 .debug_macro   0x0000000000012c66      0x18d Drivers/STM32F1xx_HAL_Driver/Src/stm32f1xx_hal_spi.o

.debug_line     0x0000000000000000     0x56fa
 .debug_line    0x0000000000000000      0x698 Core/Src/main.o
 .debug_line    0x0000000000000698      0xc11 Core/Src/nrf24l01.o
 .debug_line    0x00000000000012a9      0x636 Core/Src/stm32f1xx_hal_msp.o
 .debug_line    0x00000000000018df      0x6a8 Core/Src/stm32f1xx_it.o
 .debug_line    0x0000000000001f87      0x635 Core/Src/system_stm32f1xx.o
 .debug_line    0x00000000000025bc       0x84 Core/Startup/startup_stm32f103c8tx.o
 .debug_line    0x0000000000002640      0x7dd Drivers/STM32F1xx_HAL_Driver/Src/stm32f1xx_hal.o
 .debug_line    0x0000000000002e1d      0x8b6 Drivers/STM32F1xx_HAL_Driver/Src/stm32f1xx_hal_cortex.o
 .debug_line    0x00000000000036d3      0x7dd Drivers/STM32F1xx_HAL_Driver/Src/stm32f1xx_hal_gpio.o
 .debug_line    0x0000000000003eb0      0x89f Drivers/STM32F1xx_HAL_Driver/Src/stm32f1xx_hal_rcc.o
 .debug_line    0x000000000000474f      0xfab Drivers/STM32F1xx_HAL_Driver/Src/stm32f1xx_hal_spi.o

.debug_str      0x0000000000000000    0x67651
 .debug_str     0x0000000000000000    0x658e5 Core/Src/main.o
                                      0x65be2 (size before relaxing)
 .debug_str     0x00000000000658e5      0x78a Core/Src/nrf24l01.o
                                      0x6619b (size before relaxing)
 .debug_str     0x000000000006606f       0x81 Core/Src/stm32f1xx_hal_msp.o
                                      0x64545 (size before relaxing)
 .debug_str     0x00000000000660f0       0xbd Core/Src/stm32f1xx_it.o
                                      0x64137 (size before relaxing)
 .debug_str     0x00000000000661ad       0xc2 Core/Src/system_stm32f1xx.o
                                      0x64181 (size before relaxing)
 .debug_str     0x000000000006626f       0x36 Core/Startup/startup_stm32f103c8tx.o
                                         0x88 (size before relaxing)
 .debug_str     0x00000000000662a5      0x629 Drivers/STM32F1xx_HAL_Driver/Src/stm32f1xx_hal.o
                                      0x64792 (size before relaxing)
 .debug_str     0x00000000000668ce      0x2c8 Drivers/STM32F1xx_HAL_Driver/Src/stm32f1xx_hal_cortex.o
                                      0x647a0 (size before relaxing)
 .debug_str     0x0000000000066b96      0x324 Drivers/STM32F1xx_HAL_Driver/Src/stm32f1xx_hal_gpio.o
                                      0x644cb (size before relaxing)
 .debug_str     0x0000000000066eba      0x263 Drivers/STM32F1xx_HAL_Driver/Src/stm32f1xx_hal_rcc.o
                                      0x64504 (size before relaxing)
 .debug_str     0x000000000006711d      0x534 Drivers/STM32F1xx_HAL_Driver/Src/stm32f1xx_hal_spi.o
                                      0x649f2 (size before relaxing)

.comment        0x0000000000000000       0x7b
 .comment       0x0000000000000000       0x7b Core/Src/main.o
                                         0x7c (size before relaxing)
 .comment       0x000000000000007b       0x7c Core/Src/nrf24l01.o
 .comment       0x000000000000007b       0x7c Core/Src/stm32f1xx_hal_msp.o
 .comment       0x000000000000007b       0x7c Core/Src/stm32f1xx_it.o
 .comment       0x000000000000007b       0x7c Core/Src/system_stm32f1xx.o
 .comment       0x000000000000007b       0x7c Drivers/STM32F1xx_HAL_Driver/Src/stm32f1xx_hal.o
 .comment       0x000000000000007b       0x7c Drivers/STM32F1xx_HAL_Driver/Src/stm32f1xx_hal_cortex.o
 .comment       0x000000000000007b       0x7c Drivers/STM32F1xx_HAL_Driver/Src/stm32f1xx_hal_gpio.o
 .comment       0x000000000000007b       0x7c Drivers/STM32F1xx_HAL_Driver/Src/stm32f1xx_hal_rcc.o
 .comment       0x000000000000007b       0x7c Drivers/STM32F1xx_HAL_Driver/Src/stm32f1xx_hal_spi.o

.debug_frame    0x0000000000000000     0x1f14
 .debug_frame   0x0000000000000000       0xb4 Core/Src/main.o
 .debug_frame   0x00000000000000b4      0x948 Core/Src/nrf24l01.o
 .debug_frame   0x00000000000009fc       0x80 Core/Src/stm32f1xx_hal_msp.o
 .debug_frame   0x0000000000000a7c      0x10c Core/Src/stm32f1xx_it.o
 .debug_frame   0x0000000000000b88       0x58 Core/Src/system_stm32f1xx.o
 .debug_frame   0x0000000000000be0      0x334 Drivers/STM32F1xx_HAL_Driver/Src/stm32f1xx_hal.o
 .debug_frame   0x0000000000000f14      0x428 Drivers/STM32F1xx_HAL_Driver/Src/stm32f1xx_hal_cortex.o
 .debug_frame   0x000000000000133c      0x14c Drivers/STM32F1xx_HAL_Driver/Src/stm32f1xx_hal_gpio.o
 .debug_frame   0x0000000000001488      0x21c Drivers/STM32F1xx_HAL_Driver/Src/stm32f1xx_hal_rcc.o
 .debug_frame   0x00000000000016a4      0x824 Drivers/STM32F1xx_HAL_Driver/Src/stm32f1xx_hal_spi.o
 .debug_frame   0x0000000000001ec8       0x2c c:/st/stm32cubeide_1.1.0/stm32cubeide/plugins/com.st.stm32cube.ide.mcu.externaltools.gnu-tools-for-stm32.7-2018-q2-update.win32_1.0.0.201904181610/tools/bin/../lib/gcc/arm-none-eabi/7.3.1/../../../../arm-none-eabi/lib/thumb/v7-m\libc_nano.a(lib_a-init.o)
 .debug_frame   0x0000000000001ef4       0x20 c:/st/stm32cubeide_1.1.0/stm32cubeide/plugins/com.st.stm32cube.ide.mcu.externaltools.gnu-tools-for-stm32.7-2018-q2-update.win32_1.0.0.201904181610/tools/bin/../lib/gcc/arm-none-eabi/7.3.1/../../../../arm-none-eabi/lib/thumb/v7-m\libc_nano.a(lib_a-memset.o)
