stm32f1xx_hal.c:142:19:HAL_Init	8	static
stm32f1xx_hal.c:175:19:HAL_DeInit	8	static
stm32f1xx_hal.c:200:13:HAL_MspInit	4	static
stm32f1xx_hal.c:211:13:HAL_MspDeInit	4	static
stm32f1xx_hal.c:234:26:HAL_InitTick	16	static
stm32f1xx_hal.c:293:13:HAL_IncTick	4	static
stm32f1xx_hal.c:304:17:HAL_GetTick	4	static
stm32f1xx_hal.c:313:10:HAL_GetTickPrio	4	static
stm32f1xx_hal.c:322:19:HAL_SetTickFreq	24	static
stm32f1xx_hal.c:344:21:HAL_GetTickFreq	4	static
stm32f1xx_hal.c:360:13:HAL_Delay	24	static
stm32f1xx_hal.c:386:13:HAL_SuspendTick	4	static
stm32f1xx_hal.c:402:13:HAL_ResumeTick	4	static
stm32f1xx_hal.c:412:10:HAL_GetHalVersion	4	static
stm32f1xx_hal.c:428:10:HAL_GetREVID	4	static
stm32f1xx_hal.c:444:10:HAL_GetDEVID	4	static
stm32f1xx_hal.c:453:10:HAL_GetUIDw0	4	static
stm32f1xx_hal.c:462:10:HAL_GetUIDw1	4	static
stm32f1xx_hal.c:471:10:HAL_GetUIDw2	4	static
stm32f1xx_hal.c:480:6:HAL_DBGMCU_EnableDBGSleepMode	4	static
stm32f1xx_hal.c:496:6:HAL_DBGMCU_DisableDBGSleepMode	4	static
stm32f1xx_hal.c:526:6:HAL_DBGMCU_EnableDBGStopMode	4	static
stm32f1xx_hal.c:542:6:HAL_DBGMCU_DisableDBGStopMode	4	static
stm32f1xx_hal.c:558:6:HAL_DBGMCU_EnableDBGStandbyMode	4	static
stm32f1xx_hal.c:574:6:HAL_DBGMCU_DisableDBGStandbyMode	4	static
